Archive member included to satisfy reference by file (symbol)

C:/devkitPro/libogc/lib/wii\libwiiuse.a(wpad.o)
                              main.o (WPAD_Init)
C:/devkitPro/libogc/lib/wii\libwiiuse.a(motion_plus.o)
                              C:/devkitPro/libogc/lib/wii\libwiiuse.a(wpad.o) (wiiuse_set_motion_plus)
C:/devkitPro/libogc/lib/wii\libwiiuse.a(dynamics.o)
                              C:/devkitPro/libogc/lib/wii\libwiiuse.a(wpad.o) (calculate_gforce)
C:/devkitPro/libogc/lib/wii\libwiiuse.a(io.o)
                              C:/devkitPro/libogc/lib/wii\libwiiuse.a(motion_plus.o) (wiiuse_disable_expansion)
C:/devkitPro/libogc/lib/wii\libwiiuse.a(io_wii.o)
                              C:/devkitPro/libogc/lib/wii\libwiiuse.a(wpad.o) (__wiiuse_sensorbar_enable)
C:/devkitPro/libogc/lib/wii\libwiiuse.a(ir.o)
                              C:/devkitPro/libogc/lib/wii\libwiiuse.a(motion_plus.o) (wiiuse_set_ir_mode)
C:/devkitPro/libogc/lib/wii\libwiiuse.a(nunchuk.o)
                              C:/devkitPro/libogc/lib/wii\libwiiuse.a(io.o) (nunchuk_handshake)
C:/devkitPro/libogc/lib/wii\libwiiuse.a(wiiboard.o)
                              C:/devkitPro/libogc/lib/wii\libwiiuse.a(io.o) (wii_board_handshake)
C:/devkitPro/libogc/lib/wii\libwiiuse.a(wiiuse.o)
                              C:/devkitPro/libogc/lib/wii\libwiiuse.a(wpad.o) (wiiuse_init)
C:/devkitPro/libogc/lib/wii\libwiiuse.a(speaker.o)
                              C:/devkitPro/libogc/lib/wii\libwiiuse.a(wpad.o) (wencdata)
C:/devkitPro/libogc/lib/wii\libwiiuse.a(classic.o)
                              C:/devkitPro/libogc/lib/wii\libwiiuse.a(io.o) (classic_ctrl_handshake)
C:/devkitPro/libogc/lib/wii\libwiiuse.a(events.o)
                              C:/devkitPro/libogc/lib/wii\libwiiuse.a(io_wii.o) (parse_event)
C:/devkitPro/libogc/lib/wii\libwiiuse.a(guitar_hero_3.o)
                              C:/devkitPro/libogc/lib/wii\libwiiuse.a(io.o) (guitar_hero_3_handshake)
C:/devkitPro/libogc/lib/wii\libbte.a(bte.o)
                              C:/devkitPro/libogc/lib/wii\libwiiuse.a(wpad.o) (BTE_Init)
C:/devkitPro/libogc/lib/wii\libbte.a(hci.o)
                              C:/devkitPro/libogc/lib/wii\libbte.a(bte.o) (hci_init)
C:/devkitPro/libogc/lib/wii\libbte.a(l2cap.o)
                              C:/devkitPro/libogc/lib/wii\libbte.a(bte.o) (l2cap_init)
C:/devkitPro/libogc/lib/wii\libbte.a(btmemb.o)
                              C:/devkitPro/libogc/lib/wii\libbte.a(bte.o) (btmemb_init)
C:/devkitPro/libogc/lib/wii\libbte.a(btmemr.o)
                              C:/devkitPro/libogc/lib/wii\libbte.a(hci.o) (btmemr_init)
C:/devkitPro/libogc/lib/wii\libbte.a(btpbuf.o)
                              C:/devkitPro/libogc/lib/wii\libbte.a(hci.o) (btpbuf_init)
C:/devkitPro/libogc/lib/wii\libbte.a(physbusif.o)
                              C:/devkitPro/libogc/lib/wii\libbte.a(bte.o) (physbusif_init)
C:/devkitPro/libogc/lib/wii\libogc.a(console.o)
                              main.o (CON_Init)
C:/devkitPro/libogc/lib/wii\libogc.a(lwp_queue.o)
                              C:/devkitPro/libogc/lib/wii\libwiiuse.a(io_wii.o) (__lwp_queue_initialize)
C:/devkitPro/libogc/lib/wii\libogc.a(lwp_threads.o)
                              C:/devkitPro/libogc/lib/wii\libwiiuse.a(wpad.o) (_thread_dispatch_disable_level)
C:/devkitPro/libogc/lib/wii\libogc.a(lwp.o)
                              C:/devkitPro/libogc/lib/wii\libbte.a(bte.o) (LWP_InitQueue)
C:/devkitPro/libogc/lib/wii\libogc.a(lwp_handler.o)
                              C:/devkitPro/libogc/lib/wii\libogc.a(lwp_threads.o) (_cpu_context_save_fp)
C:/devkitPro/libogc/lib/wii\libogc.a(lwp_stack.o)
                              C:/devkitPro/libogc/lib/wii\libogc.a(lwp_threads.o) (__lwp_stack_allocate)
C:/devkitPro/libogc/lib/wii\libogc.a(lwp_watchdog.o)
                              C:/devkitPro/libogc/lib/wii\libogc.a(lwp_threads.o) (__lwp_wd_insert)
C:/devkitPro/libogc/lib/wii\libogc.a(lwp_wkspace.o)
                              C:/devkitPro/libogc/lib/wii\libwiiuse.a(motion_plus.o) (__wkspace_heap)
C:/devkitPro/libogc/lib/wii\libogc.a(lwp_objmgr.o)
                              C:/devkitPro/libogc/lib/wii\libogc.a(lwp.o) (__lwp_objmgr_initinfo)
C:/devkitPro/libogc/lib/wii\libogc.a(lwp_heap.o)
                              C:/devkitPro/libogc/lib/wii\libogc.a(lwp_wkspace.o) (__lwp_heap_init)
C:/devkitPro/libogc/lib/wii\libogc.a(sys_state.o)
                              C:/devkitPro/libogc/lib/wii\libogc.a(lwp_threads.o) (_sys_state_curr)
C:/devkitPro/libogc/lib/wii\libogc.a(irq.o)
                              C:/devkitPro/libogc/lib/wii\libwiiuse.a(io_wii.o) (IRQ_Disable)
C:/devkitPro/libogc/lib/wii\libogc.a(video.o)
                              C:/devkitPro/libogc/lib/wii\libogc.a(console.o) (VIDEO_GetCurrentFramebuffer)
C:/devkitPro/libogc/lib/wii\libogc.a(system.o)
                              C:/devkitPro/libogc/lib/wii\libwiiuse.a(wpad.o) (__SYS_DoPowerCB)
[...]
Memory Configuration

Name             Origin             Length             Attributes
*default*        0x0000000000000000 0xffffffffffffffff

Linker script and memory map

                0x0000000000003400                . = 0x3400

.stub
 *(.stub)
                0x0000000080004000                . = 0x80004000

.init           0x0000000080004000      0x194
 *crt0.o(*.init)
 .init          0x0000000080004000      0x170 C:/devkitPro/libogc/lib/wii\libogc.a(ogc_crt0.o)
                0x0000000080004000                _start
                0x0000000080004140                _memset
 *(.init)
 .init          0x0000000080004170        0xc c:/devkitpro/devkitppc/bin/../lib/gcc/powerpc-eabi/10.2.0/ecrti.o
                0x0000000080004170                __init
 .init          0x000000008000417c        0x4 c:/devkitpro/devkitppc/bin/../lib/gcc/powerpc-eabi/10.2.0/crtbegin.o
 .init          0x0000000080004180        0x4 c:/devkitpro/devkitppc/bin/../lib/gcc/powerpc-eabi/10.2.0/crtend.o
 .init          0x0000000080004184       0x10 c:/devkitpro/devkitppc/bin/../lib/gcc/powerpc-eabi/10.2.0/ecrtn.o

.rela.dyn       0x0000000080004194        0x0
 .rela.iplt     0x0000000080004194        0x0 c:/devkitpro/devkitppc/bin/../lib/gcc/powerpc-eabi/10.2.0/crtbegin.o

.plt
 *(.plt)

.interp
 *(.interp)

.hash
 *(.hash)

.dynsym
 *(.dynsym)

.dynstr
 *(.dynstr)

.gnu.version
 *(.gnu.version)

.gnu.version_d
 *(.gnu.version_d)

.gnu.version_r
 *(.gnu.version_r)

.rel.init
 *(.rel.init)

.rela.init      0x0000000080004194        0x0
 *(.rela.init)
 .rela.init     0x0000000080004194        0x0 c:/devkitpro/devkitppc/bin/../lib/gcc/powerpc-eabi/10.2.0/crtbegin.o

.rel.text
 *(.rel.text .rel.text.* .rel.gnu.linkonce.t.*)

.rela.text      0x0000000080004194        0x0
 *(.rela.text .rela.text.* .rela.gnu.linkonce.t.*)
 .rela.text.deregister_tm_clones
                0x0000000080004194        0x0 c:/devkitpro/devkitppc/bin/../lib/gcc/powerpc-eabi/10.2.0/crtbegin.o
 .rela.text.register_tm_clones
                0x0000000080004194        0x0 c:/devkitpro/devkitppc/bin/../lib/gcc/powerpc-eabi/10.2.0/crtbegin.o
 .rela.text.__do_global_dtors_aux
                0x0000000080004194        0x0 c:/devkitpro/devkitppc/bin/../lib/gcc/powerpc-eabi/10.2.0/crtbegin.o
 .rela.text.frame_dummy
                0x0000000080004194        0x0 c:/devkitpro/devkitppc/bin/../lib/gcc/powerpc-eabi/10.2.0/crtbegin.o
 .rela.text.__lwp_sysinit
                0x0000000080004194        0x0 c:/devkitpro/devkitppc/bin/../lib/gcc/powerpc-eabi/10.2.0/crtbegin.o
 .rela.text.__irq_init
                0x0000000080004194        0x0 c:/devkitpro/devkitppc/bin/../lib/gcc/powerpc-eabi/10.2.0/crtbegin.o
 .rela.text.SYS_Init
                0x0000000080004194        0x0 c:/devkitpro/devkitppc/bin/../lib/gcc/powerpc-eabi/10.2.0/crtbegin.o
 .rela.text.__CheckARGV
                0x0000000080004194        0x0 c:/devkitpro/devkitppc/bin/../lib/gcc/powerpc-eabi/10.2.0/crtbegin.o
 .rela.text.__GX_InitRevBits
                0x0000000080004194        0x0 c:/devkitpro/devkitppc/bin/../lib/gcc/powerpc-eabi/10.2.0/crtbegin.o
 .rela.text.GX_AbortFrame
                0x0000000080004194        0x0 c:/devkitpro/devkitppc/bin/../lib/gcc/powerpc-eabi/10.2.0/crtbegin.o

.rel.fini
 *(.rel.fini)

.rela.fini
 *(.rela.fini)

.rel.rodata
 *(.rel.rodata .rel.rodata.* .rel.gnu.linkonce.r.*)

.rela.rodata
 *(.rela.rodata .rela.rodata.* .rela.gnu.linkonce.r.*)

.rel.data
 *(.rel.data .rel.data.* .rel.gnu.linkonce.d.*)

.rela.data
 *(.rela.data .rela.data.* .rela.gnu.linkonce.d.*)

.rel.tdata
 *(.rel.tdata .rel.tdata.* .rel.gnu.linkonce.td.*)

.rela.tdata
 *(.rela.tdata .rela.tdata.* .rela.gnu.linkonce.td.*)

.rel.tbss
 *(.rel.tbss .rel.tbss.* .rel.gnu.linkonce.tb.*)

.rela.tbss
 *(.rela.tbss .rela.tbss.* .rela.gnu.linkonce.tb.*)

.rel.ctors
 *(.rel.ctors)

.rela.ctors
 *(.rela.ctors)

.rel.dtors
 *(.rel.dtors)

.rela.dtors
 *(.rela.dtors)

.rel.got
 *(.rel.got)

.rela.got
 *(.rela.got)

.rela.got1
 *(.rela.got1)

.rela.got2
 *(.rela.got2)

.rel.sdata
 *(.rel.sdata .rel.sdata.* .rel.gnu.linkonce.s.*)

.rela.sdata
 *(.rela.sdata .rela.sdata.* .rela.gnu.linkonce.s.*)

.rel.sbss
 *(.rel.sbss .rel.sbss.* .rel.gnu.linkonce.sb.*)

.rela.sbss
 *(.rela.sbss .rela.sbss.* .rel.gnu.linkonce.sb.*)

.rel.sdata2
 *(.rel.sdata2 .rel.sdata2.* .rel.gnu.linkonce.s2.*)

.rela.sdata2    0x0000000080004194        0x0
 *(.rela.sdata2 .rela.sdata2.* .rela.gnu.linkonce.s2.*)
 .rela.sdata2.__sys_inIPL
                0x0000000080004194        0x0 c:/devkitpro/devkitppc/bin/../lib/gcc/powerpc-eabi/10.2.0/crtbegin.o

.rel.sbss2
 *(.rel.sbss2 .rel.sbss2.* .rel.gnu.linkonce.sb2.*)

.rela.sbss2
 *(.rela.sbss2 .rela.sbss2.* .rela.gnu.linkonce.sb2.*)

.rel.bss
 *(.rel.bss .rel.bss.* .rel.gnu.linkonce.b.*)

.rela.bss
 *(.rela.bss .rela.bss.* .rela.gnu.linkonce.b.*)

.rel.plt
 *(.rel.plt)

.rela.plt
 *(.rela.plt)

.text           0x00000000800041a0    0x96e20
 *(.text)
 .text          0x00000000800041a0      0x44c C:/devkitPro/libogc/lib/wii\libogc.a(lwp_handler.o)
                0x00000000800041a0                _cpu_context_save_fp
                0x00000000800042e0                _cpu_context_restore_fp
                0x0000000080004420                _cpu_context_switch
                0x0000000080004500                _cpu_context_save
                0x0000000080004580                _cpu_context_restore
 .text          0x00000000800045ec      0x4a0 C:/devkitPro/libogc/lib/wii\libogc.a(system_asm.o)
                0x00000000800045ec                __realmode
                0x0000000080004604                __configBATS
                0x0000000080004734                __InitFPRS
                0x0000000080004860                __InitPS
                0x00000000800048bc                __InitCache
                0x0000000080004914                __InitSystem
                0x000000008000499c                __flush_cache
                0x00000000800049d0                __reset
                0x0000000080004a40                __InitBATS
                0x0000000080004a5c                SYS_SwitchFiber
 .text          0x0000000080004a8c      0x1ac C:/devkitPro/libogc/lib/wii\libogc.a(irq_handler.o)
                0x0000000080004a8c                irq_exceptionhandler
 .text          0x0000000080004c38      0x4f4 C:/devkitPro/libogc/lib/wii\libogc.a(cache_asm.o)
                0x0000000080004c38                DCFlashInvalidate
                0x0000000080004c4c                DCEnable
                0x0000000080004c60                DCDisable
                0x0000000080004c74                DCFreeze
                0x0000000080004c88                DCUnfreeze
                0x0000000080004c9c                DCTouchLoad
                0x0000000080004ca4                DCBlockZero
                0x0000000080004cac                DCBlockStore
                0x0000000080004cb4                DCBlockFlush
                0x0000000080004cbc                DCBlockInvalidate
                0x0000000080004cc4                DCInvalidateRange
                0x0000000080004cf4                DCFlushRange
                0x0000000080004d28                DCStoreRange
                0x0000000080004d5c                DCFlushRangeNoSync
                0x0000000080004d8c                DCStoreRangeNoSync
                0x0000000080004dbc                DCZeroRange
                0x0000000080004dec                DCTouchRange
                0x0000000080004e1c                ICInvalidateRange
                0x0000000080004e54                ICFlashInvalidate
                0x0000000080004e68                ICEnable
                0x0000000080004e7c                ICDisable
                0x0000000080004e90                ICFreeze
                0x0000000080004ea4                ICUnfreeze
                0x0000000080004eb8                ICBlockInvalidate
                0x0000000080004ec0                ICSync
                0x0000000080004ec8                L2Init
                0x0000000080004f10                L2Enable
                0x0000000080004f2c                L2Disable
                0x0000000080004f44                L2GlobalInvalidate
                0x0000000080004f9c                __LCEnable
                0x0000000080005068                LCDisable
                0x0000000080005090                LCAllocOneTag
                0x00000000800050a4                LCAllocTags
                0x00000000800050e4                LCLoadBlocks
                0x0000000080005108                LCStoreBlocks
 .text          0x000000008000512c      0x1ac C:/devkitPro/libogc/lib/wii\libogc.a(decrementer_handler.o)
                0x000000008000512c                dec_exceptionhandler
 .text          0x00000000800052d8      0x35c C:/devkitPro/libogc/lib/wii\libogc.a(exception_handler.o)
                0x00000000800052d8                exceptionhandler_start
                0x0000000080005354                exceptionhandler_patch
                0x0000000080005388                exceptionhandler_end
                0x000000008000538c                default_exceptionhandler
                0x00000000800054bc                fpu_exceptionhandler
                0x0000000080005604                systemcallhandler_start
                0x0000000080005630                systemcallhandler_end
 .text          0x0000000080005634       0x48 c:/devkitpro/devkitppc/bin/../lib/gcc/powerpc-eabi/10.2.0\libgcc.a(eabi.o)
                0x0000000080005634                __eabi
 .text          0x000000008000567c      0x180 c:/devkitpro/devkitppc/bin/../lib/gcc/powerpc-eabi/10.2.0/../../../../powerpc-eabi/lib\libc.a(lib_a-setjmp.o)
                0x000000008000567c                setjmp
                0x0000000080005738                longjmp
 *(.text.*)
 .text.deregister_tm_clones
                0x00000000800057fc       0x30 c:/devkitpro/devkitppc/bin/../lib/gcc/powerpc-eabi/10.2.0/crtbegin.o
 .text.register_tm_clones
                0x000000008000582c       0x3c c:/devkitpro/devkitppc/bin/../lib/gcc/powerpc-eabi/10.2.0/crtbegin.o
 .text.__do_global_dtors_aux
                0x0000000080005868       0xd0 c:/devkitpro/devkitppc/bin/../lib/gcc/powerpc-eabi/10.2.0/crtbegin.o
 .text.frame_dummy
                0x0000000080005938       0x44 c:/devkitpro/devkitppc/bin/../lib/gcc/powerpc-eabi/10.2.0/crtbegin.o
 .text.__crtmain
                0x000000008000597c       0x44 c:/devkitpro/devkitppc/bin/../lib/gcc/powerpc-eabi/10.2.0/../../../../powerpc-eabi/lib/crtmain.o
                0x0000000080005980                __crtmain
 .text._ZL12native_printP11duk_hthread
                0x00000000800059c0       0x6c main.o
 .text.startup.main
                0x0000000080005a2c      0x14c main.o
                0x0000000080005a2c                main
 .text.duk_unicode_encode_xutf8
                0x0000000080005b78      0x10c duktape.o
 .text.duk_unicode_is_whitespace
                0x0000000080005c84       0x94 duktape.o
 .text.duk__day_from_year
                0x0000000080005d18       0xc8 duktape.o
 .text.duk_bi_function_prototype
                0x0000000080005de0        0x8 duktape.o
 .text.duk_bi_function_prototype_apply
                0x0000000080005de8        0x8 duktape.o
 .text.duk__fabs
                0x0000000080005df0        0x8 duktape.o
 .text.duk_hbuffer_get_dynalloc_ptr
                0x0000000080005df8        0x8 duktape.o
 .text.duk_free_hobject
                0x0000000080005e00      0x12c duktape.o
 .text.duk_hthread_get_valstack_ptr
                0x0000000080005f2c        0x8 duktape.o
 .text.duk_js_toboolean
                0x0000000080005f34       0xac duktape.o
 .text.duk__bi_add
                0x0000000080005fe0       0xb0 duktape.o
 .text.duk_bd_decode
                0x0000000080006090       0xb0 duktape.o
 .text.duk_bd_decode_varuint
                0x0000000080006140       0xc4 duktape.o
 .text.duk_bd_decode_bitpacked_string
                0x0000000080006204      0x184 duktape.o
 .text.duk_be_encode
                0x0000000080006388       0x90 duktape.o
 .text.unlikely.duk__hstring_get_charlen_slowpath
                0x0000000080006418      0x104 duktape.o
 .text.duk_js_typeof_stridx
                0x000000008000651c       0x90 duktape.o
 .text.duk__emit_esc_auto_fast
                0x00000000800065ac       0xc0 duktape.o
 .text.duk__json_enc_buffer_data_hex
                0x000000008000666c      0x17c duktape.o
 .text.duk_js_arith_pow
                0x00000000800067e8       0x40 duktape.o
 .text.duk__floor
                0x0000000080006828        0x4 duktape.o
 .text.duk__toint32_touint32_helper
                0x000000008000682c      0x100 duktape.o
 .text.unlikely.duk_default_fatal_handler
                0x000000008000692c       0x10 duktape.o
 .text.duk_default_free_function
                0x000000008000693c        0x8 duktape.o
 .text.duk_default_realloc_function
                0x0000000080006944        0xc duktape.o
 .text.duk_default_alloc_function
                0x0000000080006950        0x8 duktape.o
 .text.duk__atan2_fixed
                0x0000000080006958        0x4 duktape.o
 .text.duk__trunc
                0x000000008000695c        0x4 duktape.o
 .text.duk__log10
                0x0000000080006960        0x4 duktape.o
 .text.duk__log2
                0x0000000080006964       0x2c duktape.o
 .text.duk__log
                0x0000000080006990        0x4 duktape.o
 .text.duk__cbrt
                0x0000000080006994        0x4 duktape.o
 .text.duk__tan
                0x0000000080006998        0x4 duktape.o
 .text.duk__sqrt
                0x000000008000699c        0x4 duktape.o
 .text.duk__sin
                0x00000000800069a0        0x4 duktape.o
 .text.duk__exp
                0x00000000800069a4        0x4 duktape.o
 .text.duk__cos
                0x00000000800069a8        0x4 duktape.o
 .text.duk__ceil
                0x00000000800069ac        0x4 duktape.o
 .text.duk__atan
                0x00000000800069b0        0x4 duktape.o
 .text.duk__asin
                0x00000000800069b4        0x4 duktape.o
 .text.duk__acos
                0x00000000800069b8        0x4 duktape.o
 .text.duk_unicode_encode_cesu8
                0x00000000800069bc       0xb8 duktape.o
 .text.duk__uni_decode_value
                0x0000000080006a74       0xb0 duktape.o
 .text.duk__uni_range_match
                0x0000000080006b24       0x90 duktape.o
 .text.duk_unicode_is_identifier_part
                0x0000000080006bb4       0xac duktape.o
 .text.duk_unicode_is_letter
                0x0000000080006c60       0x9c duktape.o
 .text.duk__dragon4_fixed_format_round.part.0
                0x0000000080006cfc      0x110 duktape.o
 .text.duk__round_fixed
                0x0000000080006e0c       0x98 duktape.o
 .text.duk__lexer_parse_legacy_octal.constprop.0
                0x0000000080006ea4       0x98 duktape.o
 .text.duk_bi_reflect_apply
                0x0000000080006f3c        0x8 duktape.o
 .text.duk__slow_case_conversion.constprop.0
                0x0000000080006f44      0x228 duktape.o
 .text.duk_unicode_decode_xutf8.constprop.0
                0x000000008000716c      0x184 duktape.o
 .text.duk_hobject_find_entry.constprop.0
                0x00000000800072f0      0x13c duktape.o
 .text.duk_heap_free_heaphdr_raw
                0x000000008000742c       0xc0 duktape.o
 .text.duk_util_tinyrandom_get_double.isra.0
                0x00000000800074ec       0xa8 duktape.o
 .text.duk_hobject_find_entry_tval_ptr.isra.0
                0x0000000080007594       0x80 duktape.o
 .text.duk_bi_reflect_construct
                0x0000000080007614        0x8 duktape.o
 .text.duk_bi_function_prototype_call
                0x000000008000761c        0x8 duktape.o
 .text.duk_err_setup_ljstate1.isra.0
                0x0000000080007624       0x34 duktape.o
 .text.duk_js_tointeger_number
                0x0000000080007658       0x84 duktape.o
 .text.duk_unicode_re_canonicalize_char.isra.0
                0x00000000800076dc       0xa8 duktape.o
 .text.duk_bi_date_timeval_to_parts
                0x0000000080007784      0x3a8 duktape.o
 .text.duk_js_string_compare
                0x0000000080007b2c       0xe8 duktape.o
 .text.duk_hbuffer_refzero.isra.0
                0x0000000080007c14       0xa4 duktape.o
 .text.duk__bi_mul
                0x0000000080007cb8      0x19c duktape.o
 .text.duk__bi_exp_small
                0x0000000080007e54      0x170 duktape.o
 .text.duk_hstring_refzero.isra.0
                0x0000000080007fc4       0xa4 duktape.o
 .text.duk__dragon4_generate
                0x0000000080008068      0x628 duktape.o
 .text.duk__dragon4_scale
                0x0000000080008690      0x3ec duktape.o
 .text.duk_bi_date_get_timeval_from_dparts
                0x0000000080008a7c      0x484 duktape.o
 .text.duk_bi_date_get_local_tzoffset_gmtime.part.0
                0x0000000080008f00      0x160 duktape.o
 .text.duk__dragon4_prepare
                0x0000000080009060      0x328 duktape.o
 .text.duk_get_hstring_notsymbol.isra.0
                0x0000000080009388       0x68 duktape.o
 .text.duk__mark_heaphdr
                0x00000000800093f0      0x498 duktape.o
 .text.duk__mark_temproots_by_heap_scan
                0x0000000080009888       0xc0 duktape.o
 .text.duk_get_top
                0x0000000080009948       0x14 duktape.o
                0x0000000080009948                duk_get_top
 .text.duk_is_array
                0x000000008000995c       0x84 duktape.o
                0x000000008000995c                duk_is_array
 .text.duk_is_function
                0x00000000800099e0       0x6c duktape.o
                0x00000000800099e0                duk_is_function
 .text.duk_fatal_raw
                0x0000000080009a4c       0x24 duktape.o
                0x0000000080009a4c                duk_fatal_raw
 .text.duk_trim
                0x0000000080009a70      0x2cc duktape.o
                0x0000000080009a70                duk_trim
 .text.duk__numconv_parse_raw
                0x0000000080009d3c      0x8bc duktape.o
 .text.duk_js_tonumber
                0x000000008000a5f8      0x1f8 duktape.o
 .text.duk_hobject_putprop.isra.0
                0x000000008000a7f0     0x106c duktape.o
 .text.hot.duk__js_execute_bytecode_inner
                0x000000008000b85c     0x7b0c duktape.o
 .text.duk_js_execute_bytecode
                0x0000000080013368      0x820 duktape.o
 .text.duk__handle_call_raw
                0x0000000080013b88     0x1824 duktape.o
 .text.duk__pcall_method_raw
                0x00000000800153ac       0x44 duktape.o
 .text.duk_hobject_getprop.isra.0
                0x00000000800153f0      0xc0c duktape.o
 .text.duk_get_prop_stridx
                0x0000000080015ffc      0x1bc duktape.o
 .text.duk_err_augment_error_create
                0x00000000800161b8      0x4c4 duktape.o
 .text.duk_push_error_object_va_raw
                0x000000008001667c      0x1c0 duktape.o
                0x000000008001667c                duk_push_error_object_va_raw
 .text.duk_push_error_object_raw
                0x000000008001683c       0x70 duktape.o
                0x000000008001683c                duk_push_error_object_raw
 .text.duk_error_raw
                0x00000000800168ac       0x88 duktape.o
                0x00000000800168ac                duk_error_raw
 .text.duk_handle_safe_call
                0x0000000080016934      0x348 duktape.o
 .text.duk__err_augment_user
                0x0000000080016c7c      0x140 duktape.o
 .text.duk_err_create_and_throw
                0x0000000080016dbc      0x128 duktape.o
 .text.unlikely.duk_err_handle_error_fmt
                0x0000000080016ee4       0xa8 duktape.o
 .text.unlikely.duk__json_dec_syntax_error
                0x0000000080016f8c       0x3c duktape.o
 .text.unlikely.duk_err_range_index.constprop.0
                0x0000000080016fc8       0x2c duktape.o
 .text.duk_require_tval
                0x0000000080016ff4       0x4c duktape.o
 .text.duk_insert
                0x0000000080017040       0xac duktape.o
                0x0000000080017040                duk_insert
 .text.duk_swap
                0x00000000800170ec       0xa0 duktape.o
                0x00000000800170ec                duk_swap
 .text.unlikely.duk_err_handle_error
                0x000000008001718c       0x24 duktape.o
 .text.duk__call_c_recursion_limit_check_slowpath
                0x00000000800171b0       0x4c duktape.o
 .text.duk__call_callstack_limit_check_slowpath
                0x00000000800171fc       0x44 duktape.o
 .text.unlikely.duk_err_error_alloc_failed
                0x0000000080017240       0x1c duktape.o
 .text.unlikely.duk_err_error_internal
                0x000000008001725c       0x1c duktape.o
 .text.duk_heap_strcache_offset_char2byte.part.0
                0x0000000080017278      0x3cc duktape.o
 .text.duk_hstring_char_code_at_raw
                0x0000000080017644      0x114 duktape.o
 .text.duk__str_search_shared
                0x0000000080017758      0x198 duktape.o
 .text.duk__bc_get_i32
                0x00000000800178f0       0x70 duktape.o
 .text.duk__inp_get_cp
                0x0000000080017960       0xa4 duktape.o
 .text.duk__inp_get_prev_cp
                0x0000000080017a04       0xb0 duktape.o
 .text.unlikely.duk_err_type_invalid_args
                0x0000000080017ab4       0x1c duktape.o
 .text.unlikely.duk__call_get_idx_func.part.0
                0x0000000080017ad0       0x1c duktape.o
 .text.unlikely.duk_bi_type_error_thrower
                0x0000000080017aec       0x1c duktape.o
 .text.duk_safe_call
                0x0000000080017b08       0x60 duktape.o
                0x0000000080017b08                duk_safe_call
 .text.duk__fill_lexer_buffer
                0x0000000080017b68      0x1b8 duktape.o
 .text.duk__advance_bytes
                0x0000000080017d20       0x74 duktape.o
 .text.duk__lexer_skip_to_endofline
                0x0000000080017d94       0xa0 duktape.o
 .text.duk__lexer_parse_escape
                0x0000000080017e34      0x1c0 duktape.o
 .text.duk_check_type_mask
                0x0000000080017ff4       0xbc duktape.o
                0x0000000080017ff4                duk_check_type_mask
 .text.duk_get_method_stridx
                0x00000000800180b0       0xf0 duktape.o
 .text.unlikely.duk_err_range_push_beyond.constprop.0
                0x00000000800181a0       0x24 duktape.o
 .text.duk__push_this_helper
                0x00000000800181c4       0xc0 duktape.o
 .text.duk_dup_top
                0x0000000080018284       0x80 duktape.o
                0x0000000080018284                duk_dup_top
 .text.duk_dup  0x0000000080018304       0xa8 duktape.o
                0x0000000080018304                duk_dup
 .text.duk_push_tval
                0x00000000800183ac       0x5c duktape.o
 .text.duk__compact_object_list.constprop.0
                0x0000000080018408       0xe4 duktape.o
 .text.duk_heap_run_finalizer.isra.0
                0x00000000800184ec       0xa8 duktape.o
 .text.duk_heap_process_finalize_list.part.0
                0x0000000080018594      0x150 duktape.o
 .text.duk_heaphdr_refzero.isra.0
                0x00000000800186e4      0x2cc duktape.o
 .text.duk__to_int_uint_helper.constprop.0.isra.0
                0x00000000800189b0      0x11c duktape.o
 .text.duk_to_int
                0x0000000080018acc      0x100 duktape.o
                0x0000000080018acc                duk_to_int
 .text.duk__clamp_startend_negidx_shifted.constprop.0
                0x0000000080018bcc      0x184 duktape.o
 .text.duk__resolve_offset_opt_length.constprop.0
                0x0000000080018d50      0x12c duktape.o
 .text.duk_pop_2
                0x0000000080018e7c       0xec duktape.o
                0x0000000080018e7c                duk_pop_2
 .text.duk__put_prop_shared
                0x0000000080018f68      0x110 duktape.o
 .text.duk_pop  0x0000000080019078       0x74 duktape.o
                0x0000000080019078                duk_pop
 .text.duk_to_int_clamped_raw
                0x00000000800190ec      0x1d8 duktape.o
 .text.duk__clamp_startend_nonegidx_noshift.constprop.0
                0x00000000800192c4       0xe0 duktape.o
 .text.duk_to_number
                0x00000000800193a4       0xd0 duktape.o
                0x00000000800193a4                duk_to_number
 .text.duk_to_number_tval.isra.0
                0x0000000080019474       0x80 duktape.o
 .text.duk_to_boolean
                0x00000000800194f4       0xf4 duktape.o
                0x00000000800194f4                duk_to_boolean
 .text.duk_to_int32
                0x00000000800195e8      0x17c duktape.o
                0x00000000800195e8                duk_to_int32
 .text.duk_to_undefined
                0x0000000080019764       0x7c duktape.o
                0x0000000080019764                duk_to_undefined
 .text.duk_remove
                0x00000000800197e0      0x114 duktape.o
                0x00000000800197e0                duk_remove
 .text.duk_get_prop
                0x00000000800198f4       0xcc duktape.o
                0x00000000800198f4                duk_get_prop
 .text.duk_copy
                0x00000000800199c0       0xf4 duktape.o
                0x00000000800199c0                duk_copy
 .text.duk_replace
                0x0000000080019ab4       0xf4 duktape.o
                0x0000000080019ab4                duk_replace
 .text.duk_to_uint32
                0x0000000080019ba8      0x1d8 duktape.o
                0x0000000080019ba8                duk_to_uint32
 .text.duk_hbufobj_validated_write.isra.0
                0x0000000080019d80      0x33c duktape.o
 .text.duk_pop_2_unsafe
                0x000000008001a0bc       0xb4 duktape.o
 .text.duk_pop_unsafe
                0x000000008001a170       0x40 duktape.o
 .text.duk_hobject_refcount_finalize_norz.isra.0
                0x000000008001a1b0      0x688 duktape.o
 .text.duk_hobject_refzero_norz.isra.0
                0x000000008001a838      0x13c duktape.o
 .text.duk_hthread_catcher_unwind_norz
                0x000000008001a974       0xc0 duktape.o
 .text.duk__handle_op_endtry.constprop.0
                0x000000008001aa34      0x160 duktape.o
 .text.duk_heaphdr_refzero_norz.isra.0
                0x000000008001ab94      0x280 duktape.o
 .text.duk__set_catcher_regs_norz.isra.0
                0x000000008001ae14      0x154 duktape.o
 .text.duk_remove_n
                0x000000008001af68      0x13c duktape.o
 .text.duk_to_boolean_top_pop
                0x000000008001b0a4      0x150 duktape.o
 .text.duk__defaultvalue_coerce_attempt
                0x000000008001b1f4      0x1a4 duktape.o
 .text.duk_heap_mark_and_sweep.part.0
                0x000000008001b398      0x63c duktape.o
 .text.unlikely.duk__heap_mem_realloc_indirect_slowpath
                0x000000008001b9d4       0xd0 duktape.o
 .text.unlikely.duk__resize_valstack
                0x000000008001baa4      0x130 duktape.o
 .text.unlikely.duk__valstack_grow
                0x000000008001bbd4       0xd0 duktape.o
 .text.duk_require_stack
                0x000000008001bca4       0x6c duktape.o
                0x000000008001bca4                duk_require_stack
 .text.duk__proxy_check_prop
                0x000000008001bd10      0x12c duktape.o
 .text.duk_hbuffer_resize
                0x000000008001be3c      0x110 duktape.o
 .text.duk_bw_resize
                0x000000008001bf4c       0xa0 duktape.o
 .text.duk__json_enc_buffer_data
                0x000000008001bfec      0x104 duktape.o
 .text.duk__emit_hstring
                0x000000008001c0f0       0x8c duktape.o
 .text.duk__emit_stridx
                0x000000008001c17c       0x98 duktape.o
 .text.duk__appendbuffer
                0x000000008001c214       0x9c duktape.o
 .text.duk__emit
                0x000000008001c2b0       0xc8 duktape.o
 .text.duk__emit_a_bc
                0x000000008001c378      0x15c duktape.o
 .text.duk__emit_load_int32_raw.constprop.0
                0x000000008001c4d4       0x80 duktape.o
 .text.duk__emit_a_b_c
                0x000000008001c554      0x424 duktape.o
 .text.duk__insert_u32
                0x000000008001c978       0xc4 duktape.o
 .text.duk__insert_jump_offset
                0x000000008001ca3c       0x88 duktape.o
 .text.duk__transform_callback_unescape
                0x000000008001cac4      0x170 duktape.o
 .text.duk__transform_callback_escape
                0x000000008001cc34      0x178 duktape.o
 .text.duk__transform_callback_encode_uri
                0x000000008001cdac      0x1a0 duktape.o
 .text.duk__transform_callback_decode_uri
                0x000000008001cf4c      0x2c0 duktape.o
 .text.duk__json_enc_newline_indent
                0x000000008001d20c      0x124 duktape.o
 .text.duk__json_enc_quote_string
                0x000000008001d330      0x2a0 duktape.o
 .text.duk__json_enc_key_autoquote
                0x000000008001d5d0       0xa0 duktape.o
 .text.duk__regexp_generate_ranges.part.0
                0x000000008001d670      0x2b0 duktape.o
 .text.duk__parse_disjunction
                0x000000008001d920     0x23b4 duktape.o
 .text.duk__initbuffer
                0x000000008001fcd4       0x88 duktape.o
 .text.unlikely.duk__heap_mem_alloc_slowpath
                0x000000008001fd5c       0x90 duktape.o
 .text.duk_hthread_init_stacks
                0x000000008001fdec       0xfc duktape.o
 .text.duk__hthread_catcher_alloc_slow
                0x000000008001fee8       0x8c duktape.o
 .text.duk__hthread_activation_alloc_slow
                0x000000008001ff74       0x8c duktape.o
 .text.duk__hobject_alloc_init
                0x0000000080020000       0xe8 duktape.o
 .text.duk_push_hcompfunc
                0x00000000800200e8       0xac duktape.o
 .text.duk_push_object_helper
                0x0000000080020194       0xa8 duktape.o
 .text.duk_new  0x000000008002023c       0x84 duktape.o
                0x000000008002023c                duk_new
 .text.duk_push_bufobj_raw
                0x00000000800202c0       0xa0 duktape.o
 .text.duk__push_c_function_raw
                0x0000000080020360      0x108 duktape.o
 .text.duk_push_c_function
                0x0000000080020468       0x10 duktape.o
                0x0000000080020468                duk_push_c_function
 .text.duk_push_array
                0x0000000080020478       0x88 duktape.o
                0x0000000080020478                duk_push_array
 .text.duk_push_buffer_raw
                0x0000000080020500      0x26c duktape.o
                0x0000000080020500                duk_push_buffer_raw
 .text.duk__match_regexp
                0x000000008002076c      0xc30 duktape.o
 .text.duk__init_func_valstack_slots
                0x000000008002139c      0x2d0 duktape.o
 .text.unlikely.duk__heap_mem_realloc_slowpath
                0x000000008002166c       0xa0 duktape.o
 .text.hot.duk_heap_mem_realloc
                0x000000008002170c       0x94 duktape.o
 .text.unlikely.duk__strtable_resize_check
                0x00000000800217a0      0x190 duktape.o
 .text.duk_heap_strtable_intern
                0x0000000080021930      0x344 duktape.o
 .text.duk_push_literal_raw
                0x0000000080021c74      0x1a0 duktape.o
                0x0000000080021c74                duk_push_literal_raw
 .text.duk_bi_textencoder_prototype_encoding_getter
                0x0000000080021e14       0x30 duktape.o
 .text.duk_hobject_realloc_props
                0x0000000080021e44      0x620 duktape.o
 .text.duk_hobject_compact_props
                0x0000000080022464      0x23c duktape.o
 .text.duk__protected_compact_object
                0x00000000800226a0       0x2c duktape.o
 .text.duk_compact
                0x00000000800226cc       0x50 duktape.o
                0x00000000800226cc                duk_compact
 .text.duk_bi_duktape_object_compact
                0x000000008002271c       0x64 duktape.o
 .text.duk__abandon_array_part
                0x0000000080022780      0x1a4 duktape.o
 .text.duk_seal_freeze_raw
                0x0000000080022924      0x170 duktape.o
 .text.duk_bi_object_constructor_seal_freeze_shared
                0x0000000080022a94       0x94 duktape.o
 .text.duk__obtain_arridx_slot_slowpath
                0x0000000080022b28      0x154 duktape.o
 .text.duk__hobject_alloc_entry_checked
                0x0000000080022c7c      0x1e8 duktape.o
 .text.duk_push_harray_with_size_outptr
                0x0000000080022e64       0x7c duktape.o
 .text.duk_pack
                0x0000000080022ee0       0xfc duktape.o
 .text.duk_hobject_resize_entrypart
                0x0000000080022fdc       0x58 duktape.o
 .text.duk__sort_enum_keys_es6
                0x0000000080023034      0x17c duktape.o
 .text.duk_bi_array_constructor
                0x00000000800231b0      0x10c duktape.o
 .text.duk_push_lstring
                0x00000000800232bc       0xc0 duktape.o
                0x00000000800232bc                duk_push_lstring
 .text.duk__push_hstring_readable_unicode
                0x000000008002337c      0x180 duktape.o
 .text.duk__internbuffer
                0x00000000800234fc       0x94 duktape.o
 .text.duk_heap_free
                0x0000000080023590      0x2e0 duktape.o
 .text.duk_destroy_heap
                0x0000000080023870       0x10 duktape.o
                0x0000000080023870                duk_destroy_heap
 .text.duk_pop_n_unsafe
                0x0000000080023880       0xd0 duktape.o
 .text.duk_pop_n
                0x0000000080023950      0x10c duktape.o
                0x0000000080023950                duk_pop_n
 .text.duk_set_top_unsafe
                0x0000000080023a5c      0x10c duktape.o
 .text.duk__reconfig_valstack_ecma_return
                0x0000000080023b68       0x84 duktape.o
 .text.duk__handle_yield
                0x0000000080023bec       0xc4 duktape.o
 .text.duk__reconfig_valstack_ecma_catcher
                0x0000000080023cb0       0x88 duktape.o
 .text.duk__handle_break_or_continue
                0x0000000080023d38      0x1b0 duktape.o
 .text.duk__safe_call_adjust_valstack
                0x0000000080023ee8      0x134 duktape.o
 .text.duk_set_top
                0x000000008002401c      0x14c duktape.o
                0x000000008002401c                duk_set_top
 .text.duk_hobject_refzero.isra.0
                0x0000000080024168      0x188 duktape.o
 .text.duk__handle_op_endcatch.constprop.0.isra.0
                0x00000000800242f0      0x1bc duktape.o
 .text.duk_put_prop_stridx.isra.0
                0x00000000800244ac       0x88 duktape.o
 .text.duk_hobject_get_length
                0x0000000080024534      0x170 duktape.o
 .text.duk_get_length
                0x00000000800246a4      0x1c4 duktape.o
                0x00000000800246a4                duk_get_length
 .text.duk_to_pointer
                0x0000000080024868       0xb8 duktape.o
                0x0000000080024868                duk_to_pointer
 .text.duk_bi_duktape_object_gc
                0x0000000080024920      0x11c duktape.o
 .text.duk_bi_global_object_is_nan
                0x0000000080024a3c       0x6c duktape.o
 .text.duk_bi_global_object_is_finite
                0x0000000080024aa8       0x7c duktape.o
 .text.duk__add_enum_key
                0x0000000080024b24       0x7c duktape.o
 .text.duk_bi_array_constructor_is_array
                0x0000000080024ba0       0x8c duktape.o
 .text.duk_bi_arraybuffer_isview
                0x0000000080024c2c       0xb4 duktape.o
 .text.duk_bi_number_check_shared
                0x0000000080024ce0      0x1d8 duktape.o
 .text.duk_bi_math_object_imul
                0x0000000080024eb8       0x98 duktape.o
 .text.duk_call
                0x0000000080024f50       0x84 duktape.o
                0x0000000080024f50                duk_call
 .text.duk__finalize_helper
                0x0000000080024fd4       0x90 duktape.o
 .text.duk_put_prop_index
                0x0000000080025064       0x90 duktape.o
                0x0000000080025064                duk_put_prop_index
 .text.duk_bi_performance_now
                0x00000000800250f4      0x120 duktape.o
 .text.duk_bi_date_constructor_now
                0x0000000080025214      0x120 duktape.o
 .text.duk_bi_math_object_clz32
                0x0000000080025334       0xfc duktape.o
 .text.duk_bi_math_object_random
                0x0000000080025430      0x158 duktape.o
 .text.duk_put_global_string
                0x0000000080025588      0x124 duktape.o
                0x0000000080025588                duk_put_global_string
 .text.duk_push_string
                0x00000000800256ac       0x90 duktape.o
                0x00000000800256ac                duk_push_string
 .text.duk__to_primitive_helper
                0x000000008002573c      0x23c duktape.o
 .text.duk_js_compare_helper
                0x0000000080025978      0x2a8 duktape.o
 .text.duk_set_length
                0x0000000080025c20       0x80 duktape.o
                0x0000000080025c20                duk_set_length
 .text.duk_bi_math_object_min
                0x0000000080025ca0      0x200 duktape.o
 .text.duk_inspect_value
                0x0000000080025ea0      0x440 duktape.o
                0x0000000080025ea0                duk_inspect_value
 .text.duk_bi_duktape_object_info
                0x00000000800262e0       0x28 duktape.o
 .text.duk_bi_math_object_onearg_shared
                0x0000000080026308      0x128 duktape.o
 .text.duk_push_bare_object
                0x0000000080026430       0x88 duktape.o
                0x0000000080026430                duk_push_bare_object
 .text.duk_bi_math_object_sign
                0x00000000800264b8       0xe0 duktape.o
 .text.duk_bi_math_object_twoarg_shared
                0x0000000080026598      0x14c duktape.o
 .text.duk_bi_math_object_max
                0x00000000800266e4      0x204 duktape.o
 .text.duk__add_label
                0x00000000800268e8      0x1b4 duktape.o
 .text.duk_push_hobject
                0x0000000080026a9c       0x48 duktape.o
 .text.duk_bi_object_constructor_is_sealed_frozen_shared
                0x0000000080026ae4      0x214 duktape.o
 .text.duk_bi_symbol_toprimitive
                0x0000000080026cf8       0xf0 duktape.o
 .text.duk_bi_thread_current
                0x0000000080026de8       0x8c duktape.o
 .text.duk_push_hstring_stridx
                0x0000000080026e74       0x54 duktape.o
 .text.duk_safe_to_lstring
                0x0000000080026ec8      0x240 duktape.o
                0x0000000080026ec8                duk_safe_to_lstring
 .text.duk_get_prop_index
                0x0000000080027108      0x13c duktape.o
                0x0000000080027108                duk_get_prop_index
 .text.duk_push_object
                0x0000000080027244       0xa0 duktape.o
                0x0000000080027244                duk_push_object
 .text.duk_bi_native_function_length
                0x00000000800272e4      0x124 duktape.o
 .text.duk_bi_math_object_hypot
                0x0000000080027408      0x28c duktape.o
 .text.duk__twodigit_year_fixup
                0x0000000080027694      0x18c duktape.o
 .text.duk__set_parts_from_args
                0x0000000080027820       0xb4 duktape.o
 .text.duk_bi_date_constructor_utc
                0x00000000800278d4      0x104 duktape.o
 .text.duk__parse_string_iso8601_subset
                0x00000000800279d8      0x384 duktape.o
 .text.duk_hbufobj_push_validated_read
                0x0000000080027d5c      0x360 duktape.o
 .text.duk_js_equals_helper
                0x00000000800280bc      0x560 duktape.o
 .text.duk_strict_equals
                0x000000008002861c       0x74 duktape.o
                0x000000008002861c                duk_strict_equals
 .text.duk__getconst
                0x0000000080028690      0x14c duktape.o
 .text.duk_bi_object_constructor_is
                0x00000000800287dc       0x9c duktape.o
 .text.unlikely.duk__emit_abc.part.0.isra.0
                0x0000000080028878       0x28 duktape.o
 .text.unlikely.duk__comp_recursion_increase.part.0.isra.0
                0x00000000800288a0       0x28 duktape.o
 .text.duk__lookup_active_label.isra.0
                0x00000000800288c8       0xd8 duktape.o
 .text.duk_unpack_array_like.isra.0
                0x00000000800289a0      0x334 duktape.o
 .text.duk__to_new_array_length_checked
                0x0000000080028cd4      0x11c duktape.o
 .text.duk_hobject_define_property_internal
                0x0000000080028df0      0x2f4 duktape.o
 .text.duk__activation_unwind_nofree_norz
                0x00000000800290e4      0x2ec duktape.o
 .text.duk_create_activation_environment_record
                0x00000000800293d0      0x1a8 duktape.o
 .text.duk_js_init_activation_environment_records_delayed
                0x0000000080029578       0xa8 duktape.o
 .text.duk_to_object
                0x0000000080029620      0x384 duktape.o
                0x0000000080029620                duk_to_object
 .text.duk__handle_op_trycatch
                0x00000000800299a4      0x2d8 duktape.o
 .text.duk__getrequire_bufobj_this
                0x0000000080029c7c      0x12c duktape.o
 .text.duk_bi_buffer_slice_shared
                0x0000000080029da8      0x30c duktape.o
 .text.duk_bi_nodejs_buffer_fill
                0x000000008002a0b4      0x1a4 duktape.o
 .text.duk_bi_nodejs_buffer_tojson
                0x000000008002a258      0x1d0 duktape.o
 .text.duk_bi_object_getprototype_shared
                0x000000008002a428      0x15c duktape.o
 .text.duk_bi_object_constructor
                0x000000008002a584       0xd0 duktape.o
 .text.duk_bi_date_prototype_to_json
                0x000000008002a654      0x130 duktape.o
 .text.duk_push_class_string_tval.isra.0
                0x000000008002a784      0x288 duktape.o
 .text.duk_bi_object_prototype_to_string
                0x000000008002aa0c       0x40 duktape.o
 .text.duk__push_string_tval_readable
                0x000000008002aa4c      0x300 duktape.o
 .text.unlikely.duk_push_string_readable
                0x000000008002ad4c       0x38 duktape.o
 .text.unlikely.duk_err_require_type_index.constprop.0
                0x000000008002ad84       0x60 duktape.o
 .text.duk__get_hobject_promote_mask_raw
                0x000000008002ade4      0x130 duktape.o
 .text.duk_push_proxy
                0x000000008002af14      0x100 duktape.o
                0x000000008002af14                duk_push_proxy
 .text.duk_bi_object_setprototype_shared
                0x000000008002b014      0x310 duktape.o
 .text.duk_bi_object_constructor_is_extensible
                0x000000008002b324      0x114 duktape.o
 .text.duk__get_buffer_helper
                0x000000008002b438       0xb8 duktape.o
 .text.duk__api_coerce_d2ui
                0x000000008002b4f0      0x10c duktape.o
 .text.duk__api_coerce_d2i
                0x000000008002b5fc       0xe8 duktape.o
 .text.duk_bi_buffer_readfield
                0x000000008002b6e4      0x6c0 duktape.o
 .text.duk_bi_buffer_writefield
                0x000000008002bda4      0x514 duktape.o
 .text.duk_push_buffer_object
                0x000000008002c2b8      0x22c duktape.o
                0x000000008002c2b8                duk_push_buffer_object
 .text.duk_require_hthread
                0x000000008002c4e4       0x88 duktape.o
 .text.duk_require_hstring_notsymbol
                0x000000008002c56c       0x88 duktape.o
 .text.duk_bi_nodejs_buffer_write
                0x000000008002c5f4      0x124 duktape.o
 .text.duk_get_buffer_data_raw
                0x000000008002c718      0x13c duktape.o
 .text.duk_buffer_to_string
                0x000000008002c854       0xb0 duktape.o
                0x000000008002c854                duk_buffer_to_string
 .text.duk__json_dec_string
                0x000000008002c904      0x2f8 duktape.o
 .text.duk__construct_from_codepoints
                0x000000008002cbfc      0x250 duktape.o
 .text.duk_bi_string_constructor_from_code_point
                0x000000008002ce4c        0x8 duktape.o
 .text.duk_bi_string_constructor_from_char_code
                0x000000008002ce54        0x8 duktape.o
 .text.duk_regexp_compile
                0x000000008002ce5c      0x53c duktape.o
 .text.duk__decode_helper
                0x000000008002d398      0x550 duktape.o
 .text.duk_bi_nodejs_buffer_tostring
                0x000000008002d8e8      0x150 duktape.o
 .text.duk_require_hnatfunc
                0x000000008002da38       0x84 duktape.o
 .text.duk_require_hstring
                0x000000008002dabc       0x78 duktape.o
 .text.duk_xget_owndataprop_stridx
                0x000000008002db34      0x12c duktape.o
 .text.duk__push_this_number_plain
                0x000000008002dc60      0x104 duktape.o
 .text.duk_bi_number_prototype_value_of
                0x000000008002dd64       0x24 duktape.o
 .text.duk__push_this_get_timeval_tzoffset
                0x000000008002dd88      0x1c0 duktape.o
 .text.duk_bi_date_prototype_value_of
                0x000000008002df48       0xc8 duktape.o
 .text.duk_bi_date_prototype_get_timezone_offset
                0x000000008002e010      0x13c duktape.o
 .text.duk_bi_date_prototype_get_shared
                0x000000008002e14c      0x19c duktape.o
 .text.duk_bi_date_prototype_tostring_shared
                0x000000008002e2e8      0x348 duktape.o
 .text.duk_bi_string_prototype_to_string
                0x000000008002e630       0xc0 duktape.o
 .text.duk_hobject_pc2line_query
                0x000000008002e6f0      0x1c0 duktape.o
 .text.duk_inspect_callstack_entry
                0x000000008002e8b0      0x1f0 duktape.o
                0x000000008002e8b0                duk_inspect_callstack_entry
 .text.duk_bi_duktape_object_act
                0x000000008002eaa0       0x40 duktape.o
 .text.duk_substring
                0x000000008002eae0      0x168 duktape.o
                0x000000008002eae0                duk_substring
 .text.duk_bi_date_prototype_toprimitive
                0x000000008002ec48      0x148 duktape.o
 .text.duk_require_hobject
                0x000000008002ed90       0x78 duktape.o
 .text.duk_bi_object_constructor_prevent_extensions
                0x000000008002ee08      0x11c duktape.o
 .text.duk_bi_regexp_prototype_shared_getter
                0x000000008002ef24      0x2c8 duktape.o
 .text.unlikely.duk_call_setup_propcall_error
                0x000000008002f1ec      0x108 duktape.o
 .text.duk_bi_regexp_prototype_flags
                0x000000008002f2f4      0x218 duktape.o
 .text.duk_hobject_prepare_property_descriptor
                0x000000008002f50c      0x320 duktape.o
 .text.duk_set_finalizer
                0x000000008002f82c       0xf8 duktape.o
                0x000000008002f82c                duk_set_finalizer
 .text.duk_bi_duktape_object_fin
                0x000000008002f924       0x88 duktape.o
 .text.duk__js_instanceof_helper
                0x000000008002f9ac      0x2f8 duktape.o
 .text.duk_bi_function_prototype_hasinstance
                0x000000008002fca4       0x70 duktape.o
 .text.duk_bi_date_prototype_set_time
                0x000000008002fd14      0x13c duktape.o
 .text.duk_regexp_create_instance
                0x000000008002fe50      0x144 duktape.o
 .text.duk_bi_number_constructor
                0x000000008002ff94      0x104 duktape.o
 .text.duk_bi_date_prototype_set_shared
                0x0000000080030098      0x368 duktape.o
 .text.duk_bi_boolean_constructor
                0x0000000080030400       0xb8 duktape.o
 .text.duk_bi_pointer_constructor
                0x00000000800304b8       0xf4 duktape.o
 .text.duk_require_hobject_with_class.constprop.0.isra.0
                0x00000000800305ac       0x78 duktape.o
 .text.duk_resize_buffer
                0x0000000080030624       0xc0 duktape.o
                0x0000000080030624                duk_resize_buffer
 .text.duk_push_vsprintf
                0x00000000800306e4      0x1d0 duktape.o
                0x00000000800306e4                duk_push_vsprintf
 .text.duk_push_sprintf
                0x00000000800308b4       0x80 duktape.o
                0x00000000800308b4                duk_push_sprintf
 .text.duk_bi_textdecoder_prototype_decode
                0x0000000080030934      0x16c duktape.o
 .text.duk__numconv_stringify_raw
                0x0000000080030aa0      0x6b4 duktape.o
 .text.duk_bi_number_prototype_to_string
                0x0000000080031154       0xb4 duktape.o
 .text.duk_bi_number_prototype_to_locale_string
                0x0000000080031208        0x4 duktape.o
 .text.duk_to_string
                0x000000008003120c      0x1bc duktape.o
                0x000000008003120c                duk_to_string
 .text.duk_to_hstring
                0x00000000800313c8       0x98 duktape.o
 .text.duk_to_property_key_hstring
                0x0000000080031460       0xb0 duktape.o
 .text.duk__push_tval_to_property_key
                0x0000000080031510       0xc4 duktape.o
 .text.duk_hobject_hasprop.isra.0
                0x00000000800315d4      0x37c duktape.o
 .text.duk_has_prop
                0x0000000080031950       0xb4 duktape.o
                0x0000000080031950                duk_has_prop
 .text.duk__json_enc_objarr_entry
                0x0000000080031a04      0x244 duktape.o
 .text.duk__get_identifier_reference
                0x0000000080031c48      0x40c duktape.o
 .text.duk__getvar_helper
                0x0000000080032054      0x144 duktape.o
 .text.duk__check_arguments_map_for_get
                0x0000000080032198      0x10c duktape.o
 .text.duk__get_own_propdesc_raw
                0x00000000800322a4      0x580 duktape.o
 .text.duk__lookup_arguments_map
                0x0000000080032824      0x1b4 duktape.o
 .text.duk_hobject_delprop_raw
                0x00000000800329d8      0x378 duktape.o
 .text.duk__handle_put_array_length_smaller
                0x0000000080032d50      0x270 duktape.o
 .text.duk_hobject_object_get_own_property_descriptor
                0x0000000080032fc0      0x2c4 duktape.o
 .text.duk_bi_object_prototype_lookupaccessor
                0x0000000080033284      0x1d4 duktape.o
 .text.duk_bi_object_constructor_get_own_property_descriptor
                0x0000000080033458       0x90 duktape.o
 .text.duk_hobject_enumerator_next
                0x00000000800334e8      0x370 duktape.o
 .text.duk__handle_op_nextenum
                0x0000000080033858       0xd0 duktape.o
 .text.duk__putvar_helper.isra.0
                0x0000000080033928      0x170 duktape.o
 .text.duk_hobject_define_property_helper
                0x0000000080033a98     0x10a8 duktape.o
 .text.duk_def_prop
                0x0000000080034b40      0x1f4 duktape.o
                0x0000000080034b40                duk_def_prop
 .text.duk_proxy_ownkeys_postprocess
                0x0000000080034d34      0x304 duktape.o
 .text.duk_hobject_enumerator_create
                0x0000000080035038      0x798 duktape.o
 .text.duk__handle_op_initenum
                0x00000000800357d0       0xf8 duktape.o
 .text.duk_hobject_get_enumerated_keys
                0x00000000800358c8       0xb0 duktape.o
 .text.duk_bi_object_constructor_assign
                0x0000000080035978      0x16c duktape.o
 .text.duk_bi_object_constructor_keys_shared
                0x0000000080035ae4      0x27c duktape.o
 .text.duk__handle_op_initset_initget
                0x0000000080035d60       0x70 duktape.o
 .text.duk_xdef_prop_stridx_thrower
                0x0000000080035dd0       0xbc duktape.o
 .text.duk_hthread_create_builtin_objects
                0x0000000080035e8c      0xc10 duktape.o
 .text.duk_create_heap
                0x0000000080036a9c      0x534 duktape.o
                0x0000000080036a9c                duk_create_heap
 .text.duk_push_thread_raw
                0x0000000080036fd0      0x1c0 duktape.o
                0x0000000080036fd0                duk_push_thread_raw
 .text.duk_bi_thread_constructor
                0x0000000080037190       0xd4 duktape.o
 .text.duk_bi_error_prototype_filename_setter
                0x0000000080037264       0x70 duktape.o
 .text.duk_bi_object_prototype_defineaccessor
                0x00000000800372d4      0x124 duktape.o
 .text.duk_bi_error_prototype_linenumber_setter
                0x00000000800373f8       0x70 duktape.o
 .text.duk_bi_error_prototype_stack_setter
                0x0000000080037468       0x70 duktape.o
 .text.duk_bi_object_constructor_define_property
                0x00000000800374d8      0x1d8 duktape.o
 .text.duk_bi_object_constructor_define_properties
                0x00000000800376b0      0x140 duktape.o
 .text.duk_js_push_closure
                0x00000000800377f0      0x6b4 duktape.o
 .text.duk_bi_pointer_prototype_tostring_shared
                0x0000000080037ea4      0x12c duktape.o
 .text.duk_bi_nodejs_buffer_is_encoding
                0x0000000080037fd0       0x74 duktape.o
 .text.duk_bi_date_constructor_parse
                0x0000000080038044       0x90 duktape.o
 .text.duk_bi_boolean_prototype_tostring_shared
                0x00000000800380d4      0x124 duktape.o
 .text.duk__safe_to_string_raw
                0x00000000800381f8       0x28 duktape.o
 .text.duk_bi_date_constructor
                0x0000000080038220      0x430 duktape.o
 .text.duk_bi_regexp_constructor
                0x0000000080038650      0x1f0 duktape.o
 .text.duk_bi_reflect_object_get
                0x0000000080038840       0xe0 duktape.o
 .text.duk_bi_reflect_object_set
                0x0000000080038920      0x12c duktape.o
 .text.duk_bi_reflect_object_has
                0x0000000080038a4c       0x94 duktape.o
 .text.duk_bi_nodejs_buffer_byte_length
                0x0000000080038ae0       0x88 duktape.o
 .text.duk_bi_symbol_constructor_shared
                0x0000000080038b68      0x28c duktape.o
 .text.duk__prep_codec_arg
                0x0000000080038df4       0xb0 duktape.o
 .text.duk_hex_encode
                0x0000000080038ea4      0x1d8 duktape.o
                0x0000000080038ea4                duk_hex_encode
 .text.duk_base64_encode
                0x000000008003907c      0x40c duktape.o
                0x000000008003907c                duk_base64_encode
 .text.duk_base64_decode
                0x0000000080039488      0x2ec duktape.o
                0x0000000080039488                duk_base64_decode
 .text.duk_hex_decode
                0x0000000080039774      0x1f0 duktape.o
                0x0000000080039774                duk_hex_decode
 .text.duk_to_buffer_raw
                0x0000000080039964      0x1c0 duktape.o
                0x0000000080039964                duk_to_buffer_raw
 .text.duk__convert_to_func_template
                0x0000000080039b24      0x7e4 duktape.o
 .text.duk__hbufobj_fixed_from_argvalue
                0x000000008003a308      0x264 duktape.o
 .text.duk_bi_uint8array_allocplain
                0x000000008003a56c       0x24 duktape.o
 .text.duk_push_this_coercible_to_string
                0x000000008003a590       0x84 duktape.o
 .text.duk_bi_string_prototype_caseconv_shared
                0x000000008003a614      0x324 duktape.o
 .text.duk_bi_string_prototype_char_at
                0x000000008003a938       0x60 duktape.o
 .text.duk__concat_and_join_helper
                0x000000008003a998      0x310 duktape.o
 .text.duk_push_lightfunc_name_raw
                0x000000008003aca8       0xbc duktape.o
 .text.duk_bi_native_function_name
                0x000000008003ad64       0xa8 duktape.o
 .text.duk_push_symbol_descriptive_string
                0x000000008003ae0c      0x128 duktape.o
 .text.duk_bi_symbol_tostring_shared
                0x000000008003af34      0x140 duktape.o
 .text.duk_bi_string_prototype_concat
                0x000000008003b074       0x68 duktape.o
 .text.duk_join
                0x000000008003b0dc        0x8 duktape.o
                0x000000008003b0dc                duk_join
 .text.duk_bi_regexp_prototype_tostring
                0x000000008003b0e4       0x84 duktape.o
 .text.duk_bi_function_prototype_bind
                0x000000008003b168      0x5a8 duktape.o
 .text.duk__error_getter_helper
                0x000000008003b710      0x8ac duktape.o
 .text.duk_bi_error_prototype_stack_getter
                0x000000008003bfbc        0x8 duktape.o
 .text.duk_bi_error_prototype_linenumber_getter
                0x000000008003bfc4        0x8 duktape.o
 .text.duk_bi_error_prototype_filename_getter
                0x000000008003bfcc        0x8 duktape.o
 .text.duk_bi_error_prototype_to_string
                0x000000008003bfd4      0x1e4 duktape.o
 .text.duk_push_lightfunc_tostring.isra.0
                0x000000008003c1b8       0x80 duktape.o
 .text.duk_bi_function_prototype_to_string
                0x000000008003c238      0x158 duktape.o
 .text.duk__str_tostring_notregexp.constprop.0
                0x000000008003c390       0xcc duktape.o
 .text.duk_bi_string_prototype_includes
                0x000000008003c45c      0x11c duktape.o
 .text.duk_bi_string_prototype_locale_compare
                0x000000008003c578      0x1a4 duktape.o
 .text.duk_bi_string_prototype_char_code_at
                0x000000008003c71c      0x1d8 duktape.o
 .text.duk_bi_string_prototype_substring
                0x000000008003c8f4      0x12c duktape.o
 .text.duk_bi_string_prototype_substr
                0x000000008003ca20      0x150 duktape.o
 .text.duk_bi_string_prototype_slice
                0x000000008003cb70      0x150 duktape.o
 .text.duk_bi_string_prototype_repeat
                0x000000008003ccc0      0x238 duktape.o
 .text.duk_bi_string_prototype_indexof_shared
                0x000000008003cef8      0x208 duktape.o
 .text.duk__transform_helper
                0x000000008003d100      0x194 duktape.o
 .text.duk_bi_global_object_unescape
                0x000000008003d294       0x10 duktape.o
 .text.duk_bi_global_object_escape
                0x000000008003d2a4       0x10 duktape.o
 .text.duk_bi_global_object_encode_uri_component
                0x000000008003d2b4       0x14 duktape.o
 .text.duk_bi_global_object_encode_uri
                0x000000008003d2c8       0x14 duktape.o
 .text.duk_bi_global_object_decode_uri_component
                0x000000008003d2dc       0x14 duktape.o
 .text.duk_bi_global_object_decode_uri
                0x000000008003d2f0       0x14 duktape.o
 .text.duk_bi_string_prototype_startswith_endswith
                0x000000008003d304      0x20c duktape.o
 .text.duk_bi_string_constructor
                0x000000008003d510      0x1a0 duktape.o
 .text.duk_concat_2
                0x000000008003d6b0      0x1b4 duktape.o
 .text.duk_bi_textencoder_prototype_encode
                0x000000008003d864      0x398 duktape.o
 .text.duk_xdef_prop_index.constprop.0
                0x000000008003dbfc      0x25c duktape.o
 .text.duk__regexp_match_helper
                0x000000008003de58      0x81c duktape.o
 .text.duk_bi_string_prototype_split
                0x000000008003e674      0x700 duktape.o
 .text.duk_bi_regexp_prototype_test
                0x000000008003ed74       0xbc duktape.o
 .text.duk_bi_regexp_prototype_exec
                0x000000008003ee30       0x58 duktape.o
 .text.duk_bi_string_prototype_search
                0x000000008003ee88      0x128 duktape.o
 .text.duk_bi_string_prototype_match
                0x000000008003efb0      0x598 duktape.o
 .text.duk_bi_string_prototype_replace
                0x000000008003f548      0xab8 duktape.o
 .text.duk__array_sort_compare.part.0
                0x0000000080040000      0x218 duktape.o
 .text.duk_bi_number_prototype_to_precision
                0x0000000080040218       0xe0 duktape.o
 .text.duk_bi_number_prototype_to_fixed
                0x00000000800402f8       0xd4 duktape.o
 .text.duk_bi_number_prototype_to_exponential
                0x00000000800403cc      0x10c duktape.o
 .text.duk_bi_symbol_key_for
                0x00000000800404d8       0xc4 duktape.o
 .text.duk_err_longjmp
                0x000000008004059c       0x78 duktape.o
 .text.duk_throw_raw
                0x0000000080040614       0xa4 duktape.o
                0x0000000080040614                duk_throw_raw
 .text.duk_js_compile
                0x00000000800406b8       0xec duktape.o
 .text.duk_bi_global_object_eval
                0x00000000800407a4      0x30c duktape.o
 .text.duk_bi_function_constructor
                0x0000000080040ab0      0x28c duktape.o
 .text.duk__do_compile
                0x0000000080040d3c      0x188 duktape.o
 .text.duk_compile_raw
                0x0000000080040ec4       0xb8 duktape.o
                0x0000000080040ec4                duk_compile_raw
 .text.duk_eval_raw
                0x0000000080040f7c      0x144 duktape.o
                0x0000000080040f7c                duk_eval_raw
 .text.duk_bi_thread_resume
                0x00000000800410c0      0x2ac duktape.o
 .text.duk_hobject_delprop
                0x000000008004136c      0x420 duktape.o
 .text.duk_del_prop
                0x000000008004178c       0xc0 duktape.o
                0x000000008004178c                duk_del_prop
 .text.duk__json_enc_objarr_exit
                0x000000008004184c       0xc4 duktape.o
 .text.duk__json_enc_value
                0x0000000080041910      0x860 duktape.o
 .text.duk__json_enc_object
                0x0000000080042170      0x488 duktape.o
 .text.duk_bi_json_stringify_helper
                0x00000000800425f8      0x628 duktape.o
 .text.duk_bi_json_object_stringify
                0x0000000080042c20       0x34 duktape.o
 .text.duk_bi_duktape_object_enc
                0x0000000080042c54      0x148 duktape.o
 .text.duk__array_sort_swap.part.0
                0x0000000080042d9c      0x198 duktape.o
 .text.duk__array_qsort
                0x0000000080042f34      0x1ac duktape.o
 .text.duk_bi_reflect_object_delete_property
                0x00000000800430e0       0x88 duktape.o
 .text.duk__require_bufobj_value
                0x0000000080043168       0xd0 duktape.o
 .text.duk_bi_uint8array_plainof
                0x0000000080043238       0xd0 duktape.o
 .text.duk_bi_nodejs_buffer_concat
                0x0000000080043308      0x498 duktape.o
 .text.duk_bi_nodejs_buffer_copy
                0x00000000800437a0      0x228 duktape.o
 .text.duk_bi_buffer_compare_shared
                0x00000000800439c8      0x230 duktape.o
 .text.duk_bi_object_constructor_create
                0x0000000080043bf8       0xf0 duktape.o
 .text.duk_bi_typedarray_set
                0x0000000080043ce8      0x418 duktape.o
 .text.duk_bi_array_prototype_splice
                0x0000000080044100      0x69c duktape.o
 .text.duk_bi_object_prototype_to_locale_string
                0x000000008004479c       0x84 duktape.o
 .text.duk_hobject_object_ownprop_helper
                0x0000000080044820      0x170 duktape.o
 .text.duk_bi_object_prototype_property_is_enumerable
                0x0000000080044990        0x8 duktape.o
 .text.duk_bi_object_prototype_has_own_property
                0x0000000080044998        0x8 duktape.o
 .text.duk_bi_object_prototype_is_prototype_of
                0x00000000800449a0      0x178 duktape.o
 .text.duk_bi_array_prototype_to_string
                0x0000000080044b18      0x114 duktape.o
 .text.duk_bi_array_prototype_concat
                0x0000000080044c2c      0x498 duktape.o
 .text.duk_bi_thread_yield
                0x00000000800450c4      0x18c duktape.o
 .text.duk_bi_textencoder_constructor
                0x0000000080045250       0x48 duktape.o
 .text.duk__json_dec_reviver_walk
                0x0000000080045298      0x41c duktape.o
 .text.duk_bi_proxy_constructor
                0x00000000800456b4       0x64 duktape.o
 .text.duk_bi_arraybuffer_constructor
                0x0000000080045718       0xd8 duktape.o
 .text.duk_bi_dataview_constructor
                0x00000000800457f0      0x124 duktape.o
 .text.duk_bi_textdecoder_constructor
                0x0000000080045914      0x21c duktape.o
 .text.duk_set_prototype
                0x0000000080045b30      0x110 duktape.o
                0x0000000080045b30                duk_set_prototype
 .text.duk_bi_nodejs_buffer_constructor
                0x0000000080045c40       0x70 duktape.o
 .text.duk_bi_typedarray_constructor
                0x0000000080045cb0      0x550 duktape.o
 .text.duk_bi_typedarray_byteoffset_getter
                0x0000000080046200       0xf0 duktape.o
 .text.duk_bi_typedarray_bytelength_getter
                0x00000000800462f0      0x108 duktape.o
 .text.duk_js_in
                0x00000000800463f8       0xf4 duktape.o
 .text.duk_bi_typedarray_buffer_getter
                0x00000000800464ec      0x1c0 duktape.o
 .text.duk_bi_object_prototype_value_of
                0x00000000800466ac       0xc0 duktape.o
 .text.duk__ispec_toregconst_raw
                0x000000008004676c      0x4e4 duktape.o
 .text.duk_bi_nodejs_buffer_is_buffer
                0x0000000080046c50       0xf4 duktape.o
 .text.duk__cbor_encode_ensure_slowpath
                0x0000000080046d44       0xbc duktape.o
 .text.duk__cbor_encode_string_top
                0x0000000080046e00      0x2d8 duktape.o
 .text.duk__cbor_encode_value
                0x00000000800470d8      0xa04 duktape.o
 .text.duk__cbor_encode.constprop.0
                0x0000000080047adc      0x12c duktape.o
 .text.duk_bi_cbor_encode
                0x0000000080047c08       0x44 duktape.o
 .text.duk__cbor_decode_aival_uint32
                0x0000000080047c4c      0x290 duktape.o
 .text.duk__cbor_decode_buffer
                0x0000000080047edc      0x160 duktape.o
 .text.duk__cbor_decode_and_join_strbuf
                0x000000008004803c      0x318 duktape.o
 .text.duk__cbor_decode_push_aival_int
                0x0000000080048354      0x4b4 duktape.o
 .text.duk__cbor_decode_value
                0x0000000080048808      0xb78 duktape.o
 .text.duk__cbor_decode.constprop.0
                0x0000000080049380      0x134 duktape.o
 .text.duk_bi_cbor_decode
                0x00000000800494b4       0x28 duktape.o
 .text.duk_call_construct_postprocess
                0x00000000800494dc       0xc8 duktape.o
 .text.duk__handle_return
                0x00000000800495a4      0x3ac duktape.o
 .text.duk__handle_op_endfin.constprop.0
                0x0000000080049950      0x178 duktape.o
 .text.duk_bi_error_constructor_shared
                0x0000000080049ac8      0x110 duktape.o
 .text.duk__update_default_instance_proto
                0x0000000080049bd8      0x110 duktape.o
 .text.duk_bi_array_prototype_sort
                0x0000000080049ce8       0xd8 duktape.o
 .text.duk_bi_array_prototype_shift
                0x0000000080049dc0      0x360 duktape.o
 .text.duk_bi_array_prototype_reverse
                0x000000008004a120      0x434 duktape.o
 .text.duk_bi_array_prototype_unshift
                0x000000008004a554      0x394 duktape.o
 .text.duk_bi_array_prototype_slice
                0x000000008004a8e8      0x2fc duktape.o
 .text.duk_bi_array_prototype_indexof_shared
                0x000000008004abe4      0x390 duktape.o
 .text.duk_bi_array_prototype_reduce_shared
                0x000000008004af74      0x348 duktape.o
 .text.duk_bi_array_prototype_join_shared
                0x000000008004b2bc      0x39c duktape.o
 .text.duk_bi_array_prototype_push
                0x000000008004b658      0x368 duktape.o
 .text.duk_bi_array_prototype_iter_shared
                0x000000008004b9c0      0x504 duktape.o
 .text.duk_bi_array_prototype_pop
                0x000000008004bec4      0x250 duktape.o
 .text.duk__lookup_lhs
                0x000000008004c114      0x214 duktape.o
 .text.duk__ivalue_toplain_raw
                0x000000008004c328      0x4dc duktape.o
 .text.duk__objlit_load_key
                0x000000008004c804      0x17c duktape.o
 .text.duk_bi_textdecoder_prototype_shared_getter
                0x000000008004c980      0x224 duktape.o
 .text.duk__json_dec_value
                0x000000008004cba4      0xba0 duktape.o
 .text.duk_bi_json_parse_helper
                0x000000008004d744      0x20c duktape.o
 .text.duk_bi_json_object_parse
                0x000000008004d950       0x30 duktape.o
 .text.duk_bi_duktape_object_dec
                0x000000008004d980      0x140 duktape.o
 .text.duk__advance_helper
                0x000000008004dac0     0x15c0 duktape.o
 .text.duk__parse_stmt
                0x000000008004f080     0x24fc duktape.o
 .text.duk__parse_stmts
                0x000000008005157c      0x170 duktape.o
 .text.duk__parse_func_body
                0x00000000800516ec      0xc34 duktape.o
 .text.duk__parse_func_like_raw
                0x0000000080052320      0x324 duktape.o
 .text.duk__parse_func_like_fnum
                0x0000000080052644      0x350 duktape.o
 .text.duk__expr
                0x0000000080052994     0x274c duktape.o
 .text.duk__exprtop
                0x00000000800550e0       0xa8 duktape.o
 .text.duk__parse_var_decl
                0x0000000080055188      0x29c duktape.o
 .text.duk__parse_arguments
                0x0000000080055424      0x174 duktape.o
 .text.duk__js_compile_raw
                0x0000000080055598      0x2cc duktape.o
 .text.duk_bi_global_object_parse_int
                0x0000000080055864       0xec duktape.o
 .text.duk_bi_global_object_parse_float
                0x0000000080055950       0x44 duktape.o
 .text.duk_bi_string_prototype_trim
                0x0000000080055994       0x4c duktape.o
 .text.__wpad_assign_slot
                0x00000000800559e0      0x394 C:/devkitPro/libogc/lib/wii\libwiiuse.a(wpad.o)
                0x00000000800559e0                __wpad_assign_slot
 .text.__wpad_def_powcb
                0x0000000080055d74        0x4 C:/devkitPro/libogc/lib/wii\libwiiuse.a(wpad.o)
 .text.__readlinkkey_finished
                0x0000000080055d78       0x34 C:/devkitPro/libogc/lib/wii\libwiiuse.a(wpad.o)
 .text.__wpad_patch_finished
                0x0000000080055dac       0x2c C:/devkitPro/libogc/lib/wii\libwiiuse.a(wpad.o)
 .text.__wpad_setfmt
                0x0000000080055dd8      0x158 C:/devkitPro/libogc/lib/wii\libwiiuse.a(wpad.o)
 .text.__wpad_eventCB
                0x0000000080055f30      0xc10 C:/devkitPro/libogc/lib/wii\libwiiuse.a(wpad.o)
 .text.__wpad_disconnectCB
                0x0000000080056b40      0x47c C:/devkitPro/libogc/lib/wii\libwiiuse.a(wpad.o)
                0x0000000080056b40                __wpad_disconnectCB
 .text.__wpad_timeouthandler
                0x0000000080056fbc      0x1d0 C:/devkitPro/libogc/lib/wii\libwiiuse.a(wpad.o)
 .text.__initcore_finished
                0x000000008005718c       0x48 C:/devkitPro/libogc/lib/wii\libwiiuse.a(wpad.o)
 .text.__wpad_init_finished
                0x00000000800571d4      0x18c C:/devkitPro/libogc/lib/wii\libwiiuse.a(wpad.o)
 .text.WPAD_ReadEvent
                0x0000000080057360      0x694 C:/devkitPro/libogc/lib/wii\libwiiuse.a(wpad.o)
                0x0000000080057360                WPAD_ReadEvent
 .text.WPAD_ReadPending
                0x00000000800579f4      0x1c4 C:/devkitPro/libogc/lib/wii\libwiiuse.a(wpad.o)
                0x00000000800579f4                WPAD_ReadPending
 .text.WPAD_Shutdown
                0x0000000080057bb8      0x108 C:/devkitPro/libogc/lib/wii\libwiiuse.a(wpad.o)
                0x0000000080057bb8                WPAD_Shutdown
 .text.WPAD_Init
                0x0000000080057cc0      0x2c4 C:/devkitPro/libogc/lib/wii\libwiiuse.a(wpad.o)
                0x0000000080057cc0                WPAD_Init
 .text.__wpad_onreset
                0x0000000080057f84       0x34 C:/devkitPro/libogc/lib/wii\libwiiuse.a(wpad.o)
 .text.WPAD_ScanPads
                0x0000000080057fb8       0x94 C:/devkitPro/libogc/lib/wii\libwiiuse.a(wpad.o)
                0x0000000080057fb8                WPAD_ScanPads
 .text.WPAD_ButtonsDown
                0x000000008005804c       0x28 C:/devkitPro/libogc/lib/wii\libwiiuse.a(wpad.o)
                0x000000008005804c                WPAD_ButtonsDown
 .text.motion_plus_disconnected
                0x0000000080058074       0x10 C:/devkitPro/libogc/lib/wii\libwiiuse.a(motion_plus.o)
                0x0000000080058074                motion_plus_disconnected
 .text.motion_plus_event
                0x0000000080058084       0x64 C:/devkitPro/libogc/lib/wii\libwiiuse.a(motion_plus.o)
                0x0000000080058084                motion_plus_event
 .text.calculate_gforce
                0x00000000800580e8      0x114 C:/devkitPro/libogc/lib/wii\libwiiuse.a(dynamics.o)
                0x00000000800580e8                calculate_gforce
 .text.calc_joystick_state
                0x00000000800581fc      0x210 C:/devkitPro/libogc/lib/wii\libwiiuse.a(dynamics.o)
                0x00000000800581fc                calc_joystick_state
 .text.apply_smoothing
                0x000000008005840c      0x120 C:/devkitPro/libogc/lib/wii\libwiiuse.a(dynamics.o)
                0x000000008005840c                apply_smoothing
 .text.calculate_orientation
                0x000000008005852c      0x328 C:/devkitPro/libogc/lib/wii\libwiiuse.a(dynamics.o)
                0x000000008005852c                calculate_orientation
 .text.calc_balanceboard_state
                0x0000000080058854      0x3a4 C:/devkitPro/libogc/lib/wii\libwiiuse.a(dynamics.o)
                0x0000000080058854                calc_balanceboard_state
 .text.wiiuse_handshake
                0x0000000080058bf8      0x26c C:/devkitPro/libogc/lib/wii\libwiiuse.a(io.o)
                0x0000000080058bf8                wiiuse_handshake
 .text.wiiuse_handshake_expansion
                0x0000000080058e64      0x1fc C:/devkitPro/libogc/lib/wii\libwiiuse.a(io.o)
                0x0000000080058e64                wiiuse_handshake_expansion
 .text.wiiuse_handshake_expansion_start
                0x0000000080059060       0x5c C:/devkitPro/libogc/lib/wii\libwiiuse.a(io.o)
                0x0000000080059060                wiiuse_handshake_expansion_start
 .text.wiiuse_disable_expansion
                0x00000000800590bc      0x1b0 C:/devkitPro/libogc/lib/wii\libwiiuse.a(io.o)
                0x00000000800590bc                wiiuse_disable_expansion
 .text.__wiiuse_connected
                0x000000008005926c       0x9c C:/devkitPro/libogc/lib/wii\libwiiuse.a(io_wii.o)
 .text.__wiiuse_disconnected
                0x0000000080059308       0xb4 C:/devkitPro/libogc/lib/wii\libwiiuse.a(io_wii.o)
 .text.__wiiuse_receive
                0x00000000800593bc       0xd0 C:/devkitPro/libogc/lib/wii\libwiiuse.a(io_wii.o)
 .text.__wiiuse_sensorbar_enable
                0x000000008005948c       0x54 C:/devkitPro/libogc/lib/wii\libwiiuse.a(io_wii.o)
                0x000000008005948c                __wiiuse_sensorbar_enable
 .text.wiiuse_register
                0x00000000800594e0       0xf0 C:/devkitPro/libogc/lib/wii\libwiiuse.a(io_wii.o)
                0x00000000800594e0                wiiuse_register
 .text.wiiuse_disconnect
                0x00000000800595d0       0x24 C:/devkitPro/libogc/lib/wii\libwiiuse.a(io_wii.o)
                0x00000000800595d0                wiiuse_disconnect
 .text.wiiuse_init_cmd_queue
                0x00000000800595f4       0x9c C:/devkitPro/libogc/lib/wii\libwiiuse.a(io_wii.o)
                0x00000000800595f4                wiiuse_init_cmd_queue
 .text.wiiuse_io_write
                0x0000000080059690       0x1c C:/devkitPro/libogc/lib/wii\libwiiuse.a(io_wii.o)
                0x0000000080059690                wiiuse_io_write
 .text.rotate_dots
                0x00000000800596ac      0x13c C:/devkitPro/libogc/lib/wii\libwiiuse.a(ir.o)
 .text.get_ir_sens.constprop.0.isra.0
                0x00000000800597e8       0xe4 C:/devkitPro/libogc/lib/wii\libwiiuse.a(ir.o)
 .text.wiiuse_set_ir_mode
                0x00000000800598cc       0x88 C:/devkitPro/libogc/lib/wii\libwiiuse.a(ir.o)
                0x00000000800598cc                wiiuse_set_ir_mode
 .text.wiiuse_set_ir
                0x0000000080059954      0x1f8 C:/devkitPro/libogc/lib/wii\libwiiuse.a(ir.o)
                0x0000000080059954                wiiuse_set_ir
 .text.wiiuse_set_ir_position
                0x0000000080059b4c       0x80 C:/devkitPro/libogc/lib/wii\libwiiuse.a(ir.o)
                0x0000000080059b4c                wiiuse_set_ir_position
 .text.wiiuse_set_aspect_ratio
                0x0000000080059bcc       0xac C:/devkitPro/libogc/lib/wii\libwiiuse.a(ir.o)
                0x0000000080059bcc                wiiuse_set_aspect_ratio
 .text.wiiuse_set_ir_sensitivity
                0x0000000080059c78      0x108 C:/devkitPro/libogc/lib/wii\libwiiuse.a(ir.o)
                0x0000000080059c78                wiiuse_set_ir_sensitivity
 .text.calculate_basic_ir
                0x0000000080059d80      0x150 C:/devkitPro/libogc/lib/wii\libwiiuse.a(ir.o)
                0x0000000080059d80                calculate_basic_ir
 .text.calculate_extended_ir
                0x0000000080059ed0      0x124 C:/devkitPro/libogc/lib/wii\libwiiuse.a(ir.o)
                0x0000000080059ed0                calculate_extended_ir
 .text.find_sensorbar
                0x0000000080059ff4      0xdb4 C:/devkitPro/libogc/lib/wii\libwiiuse.a(ir.o)
                0x0000000080059ff4                find_sensorbar
 .text.apply_ir_smoothing
                0x000000008005ada8      0x104 C:/devkitPro/libogc/lib/wii\libwiiuse.a(ir.o)
                0x000000008005ada8                apply_ir_smoothing
 .text.interpret_ir_data
                0x000000008005aeac      0x3e0 C:/devkitPro/libogc/lib/wii\libwiiuse.a(ir.o)
                0x000000008005aeac                interpret_ir_data
 .text.nunchuk_handshake
                0x000000008005b28c      0x2d0 C:/devkitPro/libogc/lib/wii\libwiiuse.a(nunchuk.o)
                0x000000008005b28c                nunchuk_handshake
 .text.nunchuk_disconnected
                0x000000008005b55c        0xc C:/devkitPro/libogc/lib/wii\libwiiuse.a(nunchuk.o)
                0x000000008005b55c                nunchuk_disconnected
 .text.nunchuk_event
                0x000000008005b568       0xe0 C:/devkitPro/libogc/lib/wii\libwiiuse.a(nunchuk.o)
                0x000000008005b568                nunchuk_event
 .text.wii_board_handshake
                0x000000008005b648      0x284 C:/devkitPro/libogc/lib/wii\libwiiuse.a(wiiboard.o)
                0x000000008005b648                wii_board_handshake
 .text.wii_board_disconnected
                0x000000008005b8cc        0xc C:/devkitPro/libogc/lib/wii\libwiiuse.a(wiiboard.o)
                0x000000008005b8cc                wii_board_disconnected
 .text.wii_board_event
                0x000000008005b8d8       0x24 C:/devkitPro/libogc/lib/wii\libwiiuse.a(wiiboard.o)
                0x000000008005b8d8                wii_board_event
 .text.wiiuse_send_next_command
                0x000000008005b8fc       0x58 C:/devkitPro/libogc/lib/wii\libwiiuse.a(wiiuse.o)
                0x000000008005b8fc                wiiuse_send_next_command
 .text.wiiuse_init
                0x000000008005b954      0x210 C:/devkitPro/libogc/lib/wii\libwiiuse.a(wiiuse.o)
                0x000000008005b954                wiiuse_init
 .text.wiiuse_set_flags
                0x000000008005bb64       0x28 C:/devkitPro/libogc/lib/wii\libwiiuse.a(wiiuse.o)
                0x000000008005bb64                wiiuse_set_flags
 .text.wiiuse_read_data
                0x000000008005bb8c      0x128 C:/devkitPro/libogc/lib/wii\libwiiuse.a(wiiuse.o)
                0x000000008005bb8c                wiiuse_read_data
 .text.wiiuse_write_data
                0x000000008005bcb4      0x164 C:/devkitPro/libogc/lib/wii\libwiiuse.a(wiiuse.o)
                0x000000008005bcb4                wiiuse_write_data
 .text.wiiuse_sendcmd
                0x000000008005be18      0x170 C:/devkitPro/libogc/lib/wii\libwiiuse.a(wiiuse.o)
                0x000000008005be18                wiiuse_sendcmd
 .text.wiiuse_set_leds
                0x000000008005bf88       0x50 C:/devkitPro/libogc/lib/wii\libwiiuse.a(wiiuse.o)
                0x000000008005bf88                wiiuse_set_leds
 .text.wiiuse_set_report_type
                0x000000008005bfd8      0x13c C:/devkitPro/libogc/lib/wii\libwiiuse.a(wiiuse.o)
                0x000000008005bfd8                wiiuse_set_report_type
 .text.wiiuse_status
                0x000000008005c114       0x4c C:/devkitPro/libogc/lib/wii\libwiiuse.a(wiiuse.o)
                0x000000008005c114                wiiuse_status
 .text.wiiuse_motion_sensing
                0x000000008005c160       0x84 C:/devkitPro/libogc/lib/wii\libwiiuse.a(wiiuse.o)
                0x000000008005c160                wiiuse_motion_sensing
 .text.wiiuse_set_speaker
                0x000000008005c1e4      0x240 C:/devkitPro/libogc/lib/wii\libwiiuse.a(speaker.o)
                0x000000008005c1e4                wiiuse_set_speaker
 .text.classic_ctrl_handshake
                0x000000008005c424      0x2f8 C:/devkitPro/libogc/lib/wii\libwiiuse.a(classic.o)
                0x000000008005c424                classic_ctrl_handshake
 .text.classic_ctrl_disconnected
                0x000000008005c71c        0xc C:/devkitPro/libogc/lib/wii\libwiiuse.a(classic.o)
                0x000000008005c71c                classic_ctrl_disconnected
 .text.classic_ctrl_event
                0x000000008005c728      0x168 C:/devkitPro/libogc/lib/wii\libwiiuse.a(classic.o)
                0x000000008005c728                classic_ctrl_event
 .text.handle_expansion
                0x000000008005c890       0x54 C:/devkitPro/libogc/lib/wii\libwiiuse.a(events.o)
 .text.parse_event
                0x000000008005c8e4      0x748 C:/devkitPro/libogc/lib/wii\libwiiuse.a(events.o)
                0x000000008005c8e4                parse_event
 .text.guitar_hero_3_handshake
                0x000000008005d02c       0x5c C:/devkitPro/libogc/lib/wii\libwiiuse.a(guitar_hero_3.o)
                0x000000008005d02c                guitar_hero_3_handshake
 .text.guitar_hero_3_disconnected
                0x000000008005d088        0xc C:/devkitPro/libogc/lib/wii\libwiiuse.a(guitar_hero_3.o)
                0x000000008005d088                guitar_hero_3_disconnected
 .text.guitar_hero_3_event
                0x000000008005d094       0x6c C:/devkitPro/libogc/lib/wii\libwiiuse.a(guitar_hero_3.o)
                0x000000008005d094                guitar_hero_3_event
 .text.acl_wlp_completed
                0x000000008005d100        0x8 C:/devkitPro/libogc/lib/wii\libbte.a(bte.o)
                0x000000008005d100                acl_wlp_completed
 .text.bt_alarmhandler
                0x000000008005d108       0x60 C:/devkitPro/libogc/lib/wii\libbte.a(bte.o)
 .text.__bte_send_pending_request
                0x000000008005d168      0x108 C:/devkitPro/libogc/lib/wii\libbte.a(bte.o)
 .text.acl_conn_complete
                0x000000008005d270       0x2c C:/devkitPro/libogc/lib/wii\libbte.a(bte.o)
                0x000000008005d270                acl_conn_complete
 .text.l2cap_disconnect_cfm
                0x000000008005d29c      0x19c C:/devkitPro/libogc/lib/wii\libbte.a(bte.o)
                0x000000008005d29c                l2cap_disconnect_cfm
 .text.l2cap_accepted
                0x000000008005d438      0x128 C:/devkitPro/libogc/lib/wii\libbte.a(bte.o)
                0x000000008005d438                l2cap_accepted
 .text.bte_process_input
                0x000000008005d560      0x148 C:/devkitPro/libogc/lib/wii\libbte.a(bte.o)
 .text.l2cap_disconnected_ind
                0x000000008005d6a8      0x1a4 C:/devkitPro/libogc/lib/wii\libbte.a(bte.o)
                0x000000008005d6a8                l2cap_disconnected_ind
 .text.__bte_shutdown_finished
                0x000000008005d84c       0xd0 C:/devkitPro/libogc/lib/wii\libbte.a(bte.o)
 .text.bte_hci_apply_patch_complete
                0x000000008005d91c      0x160 C:/devkitPro/libogc/lib/wii\libbte.a(bte.o)
                0x000000008005d91c                bte_hci_apply_patch_complete
 .text.bte_hci_patch_complete
                0x000000008005da7c      0x380 C:/devkitPro/libogc/lib/wii\libbte.a(bte.o)
                0x000000008005da7c                bte_hci_patch_complete
 .text.bte_hci_initcore_complete
                0x000000008005ddfc      0x294 C:/devkitPro/libogc/lib/wii\libbte.a(bte.o)
                0x000000008005ddfc                bte_hci_initcore_complete
 .text.bte_read_stored_link_key_complete
                0x000000008005e090      0x26c C:/devkitPro/libogc/lib/wii\libbte.a(bte.o)
                0x000000008005e090                bte_read_stored_link_key_complete
 .text.bte_hci_initcore_complete2
                0x000000008005e2fc      0x24c C:/devkitPro/libogc/lib/wii\libbte.a(bte.o)
 .text.bte_hci_initsub_complete
                0x000000008005e548      0x2c0 C:/devkitPro/libogc/lib/wii\libbte.a(bte.o)
                0x000000008005e548                bte_hci_initsub_complete
 .text.BTE_Init
                0x000000008005e808      0x138 C:/devkitPro/libogc/lib/wii\libbte.a(bte.o)
                0x000000008005e808                BTE_Init
 .text.BTE_Shutdown
                0x000000008005e940      0x100 C:/devkitPro/libogc/lib/wii\libbte.a(bte.o)
                0x000000008005e940                BTE_Shutdown
 .text.BTE_InitCore
                0x000000008005ea40       0x8c C:/devkitPro/libogc/lib/wii\libbte.a(bte.o)
                0x000000008005ea40                BTE_InitCore
 .text.BTE_ApplyPatch
                0x000000008005eacc       0xa4 C:/devkitPro/libogc/lib/wii\libbte.a(bte.o)
                0x000000008005eacc                BTE_ApplyPatch
 .text.BTE_InitSub
                0x000000008005eb70       0x90 C:/devkitPro/libogc/lib/wii\libbte.a(bte.o)
                0x000000008005eb70                BTE_InitSub
 .text.BTE_ReadStoredLinkKey
                0x000000008005ec00       0x90 C:/devkitPro/libogc/lib/wii\libbte.a(bte.o)
                0x000000008005ec00                BTE_ReadStoredLinkKey
 .text.BTE_SetDisconnectCallback
                0x000000008005ec90        0x4 C:/devkitPro/libogc/lib/wii\libbte.a(bte.o)
                0x000000008005ec90                BTE_SetDisconnectCallback
 .text.bte_new  0x000000008005ec94       0x54 C:/devkitPro/libogc/lib/wii\libbte.a(bte.o)
                0x000000008005ec94                bte_new
 .text.bte_registerdeviceasync
                0x000000008005ece8      0x158 C:/devkitPro/libogc/lib/wii\libbte.a(bte.o)
                0x000000008005ece8                bte_registerdeviceasync
 .text.bte_disconnect
                0x000000008005ee40       0xd8 C:/devkitPro/libogc/lib/wii\libbte.a(bte.o)
                0x000000008005ee40                bte_disconnect
 .text.bte_senddata
                0x000000008005ef18      0x100 C:/devkitPro/libogc/lib/wii\libbte.a(bte.o)
                0x000000008005ef18                bte_senddata
 .text.bte_arg  0x000000008005f018       0x38 C:/devkitPro/libogc/lib/wii\libbte.a(bte.o)
                0x000000008005f018                bte_arg
 .text.bte_received
                0x000000008005f050       0x38 C:/devkitPro/libogc/lib/wii\libbte.a(bte.o)
                0x000000008005f050                bte_received
 .text.bte_disconnected
                0x000000008005f088       0x38 C:/devkitPro/libogc/lib/wii\libbte.a(bte.o)
                0x000000008005f088                bte_disconnected
 .text.hci_get_link
                0x000000008005f0c0       0x84 C:/devkitPro/libogc/lib/wii\libbte.a(hci.o)
 .text.hci_init
                0x000000008005f144       0x7c C:/devkitPro/libogc/lib/wii\libbte.a(hci.o)
                0x000000008005f144                hci_init
 .text.hci_close
                0x000000008005f1c0       0xd0 C:/devkitPro/libogc/lib/wii\libbte.a(hci.o)
                0x000000008005f1c0                hci_close
 .text.hci_reset_all
                0x000000008005f290       0xb8 C:/devkitPro/libogc/lib/wii\libbte.a(hci.o)
                0x000000008005f290                hci_reset_all
 .text.hci_arg  0x000000008005f348        0xc C:/devkitPro/libogc/lib/wii\libbte.a(hci.o)
                0x000000008005f348                hci_arg
 .text.hci_cmd_complete
                0x000000008005f354        0xc C:/devkitPro/libogc/lib/wii\libbte.a(hci.o)
                0x000000008005f354                hci_cmd_complete
 .text.hci_connection_complete
                0x000000008005f360        0xc C:/devkitPro/libogc/lib/wii\libbte.a(hci.o)
                0x000000008005f360                hci_connection_complete
 .text.hci_wlp_complete
                0x000000008005f36c        0xc C:/devkitPro/libogc/lib/wii\libbte.a(hci.o)
                0x000000008005f36c                hci_wlp_complete
 .text.hci_reset
                0x000000008005f378       0xa8 C:/devkitPro/libogc/lib/wii\libbte.a(hci.o)
                0x000000008005f378                hci_reset
 .text.hci_read_buffer_size
                0x000000008005f420       0xa8 C:/devkitPro/libogc/lib/wii\libbte.a(hci.o)
                0x000000008005f420                hci_read_buffer_size
 .text.hci_read_bd_addr
                0x000000008005f4c8       0xa8 C:/devkitPro/libogc/lib/wii\libbte.a(hci.o)
                0x000000008005f4c8                hci_read_bd_addr
 .text.hci_read_local_version
                0x000000008005f570       0xa4 C:/devkitPro/libogc/lib/wii\libbte.a(hci.o)
                0x000000008005f570                hci_read_local_version
 .text.hci_read_local_features
                0x000000008005f614       0xa8 C:/devkitPro/libogc/lib/wii\libbte.a(hci.o)
                0x000000008005f614                hci_read_local_features
 .text.hci_read_stored_link_key
                0x000000008005f6bc       0xfc C:/devkitPro/libogc/lib/wii\libbte.a(hci.o)
                0x000000008005f6bc                hci_read_stored_link_key
 .text.hci_write_page_timeout
                0x000000008005f7b8       0xcc C:/devkitPro/libogc/lib/wii\libbte.a(hci.o)
                0x000000008005f7b8                hci_write_page_timeout
 .text.hci_write_scan_enable
                0x000000008005f884       0xb8 C:/devkitPro/libogc/lib/wii\libbte.a(hci.o)
                0x000000008005f884                hci_write_scan_enable
 .text.hci_accecpt_conn_request
                0x000000008005f93c       0xdc C:/devkitPro/libogc/lib/wii\libbte.a(hci.o)
                0x000000008005f93c                hci_accecpt_conn_request
 .text.hci_write_local_name
                0x000000008005fa18       0xd4 C:/devkitPro/libogc/lib/wii\libbte.a(hci.o)
                0x000000008005fa18                hci_write_local_name
 .text.hci_write_pin_type
                0x000000008005faec       0xb8 C:/devkitPro/libogc/lib/wii\libbte.a(hci.o)
                0x000000008005faec                hci_write_pin_type
 .text.hci_write_inquiry_mode
                0x000000008005fba4       0xb8 C:/devkitPro/libogc/lib/wii\libbte.a(hci.o)
                0x000000008005fba4                hci_write_inquiry_mode
 .text.hci_write_page_scan_type
                0x000000008005fc5c       0xb8 C:/devkitPro/libogc/lib/wii\libbte.a(hci.o)
                0x000000008005fc5c                hci_write_page_scan_type
 .text.hci_write_inquiry_scan_type
                0x000000008005fd14       0xb8 C:/devkitPro/libogc/lib/wii\libbte.a(hci.o)
                0x000000008005fd14                hci_write_inquiry_scan_type
 .text.hci_vendor_specific_command
                0x000000008005fdcc       0xe4 C:/devkitPro/libogc/lib/wii\libbte.a(hci.o)
                0x000000008005fdcc                hci_vendor_specific_command
 .text.hci_write_link_policy_settings
                0x000000008005feb0      0x100 C:/devkitPro/libogc/lib/wii\libbte.a(hci.o)
                0x000000008005feb0                hci_write_link_policy_settings
 .text.hci_pin_code_request_neg_reply
                0x000000008005ffb0       0xc8 C:/devkitPro/libogc/lib/wii\libbte.a(hci.o)
                0x000000008005ffb0                hci_pin_code_request_neg_reply
 .text.hci_link_key_req_neg_reply
                0x0000000080060078       0xc8 C:/devkitPro/libogc/lib/wii\libbte.a(hci.o)
                0x0000000080060078                hci_link_key_req_neg_reply
 .text.hci_disconnect
                0x0000000080060140       0xf8 C:/devkitPro/libogc/lib/wii\libbte.a(hci.o)
                0x0000000080060140                hci_disconnect
 .text.hci_write_cod
                0x0000000080060238       0xc8 C:/devkitPro/libogc/lib/wii\libbte.a(hci.o)
                0x0000000080060238                hci_write_cod
 .text.hci_host_buffer_size
                0x0000000080060300      0x108 C:/devkitPro/libogc/lib/wii\libbte.a(hci.o)
                0x0000000080060300                hci_host_buffer_size
 .text.hci_host_num_comp_packets
                0x0000000080060408      0x104 C:/devkitPro/libogc/lib/wii\libbte.a(hci.o)
                0x0000000080060408                hci_host_num_comp_packets
 .text.lp_pdu_maxsize
                0x000000008006050c        0xc C:/devkitPro/libogc/lib/wii\libbte.a(hci.o)
                0x000000008006050c                lp_pdu_maxsize
 .text.lp_acl_write
                0x0000000080060518      0x154 C:/devkitPro/libogc/lib/wii\libbte.a(hci.o)
                0x0000000080060518                lp_acl_write
 .text.lp_write_flush_timeout
                0x000000008006066c      0x100 C:/devkitPro/libogc/lib/wii\libbte.a(hci.o)
                0x000000008006066c                lp_write_flush_timeout
 .text.hci_event_handler
                0x000000008006076c      0xc70 C:/devkitPro/libogc/lib/wii\libbte.a(hci.o)
                0x000000008006076c                hci_event_handler
 .text.hci_acldata_handler
                0x00000000800613dc      0x118 C:/devkitPro/libogc/lib/wii\libbte.a(hci.o)
                0x00000000800613dc                hci_acldata_handler
 .text.l2cap_init
                0x00000000800614f4       0x60 C:/devkitPro/libogc/lib/wii\libbte.a(l2cap.o)
                0x00000000800614f4                l2cap_init
 .text.l2cap_write
                0x0000000080061554      0x1a8 C:/devkitPro/libogc/lib/wii\libbte.a(l2cap.o)
                0x0000000080061554                l2cap_write
 .text.l2cap_new
                0x00000000800616fc       0x60 C:/devkitPro/libogc/lib/wii\libbte.a(l2cap.o)
                0x00000000800616fc                l2cap_new
 .text.l2cap_close
                0x000000008006175c      0x1d4 C:/devkitPro/libogc/lib/wii\libbte.a(l2cap.o)
                0x000000008006175c                l2cap_close
 .text.l2cap_reset_all
                0x0000000080061930      0x154 C:/devkitPro/libogc/lib/wii\libbte.a(l2cap.o)
                0x0000000080061930                l2cap_reset_all
 .text.l2cap_signal
                0x0000000080061a84      0x210 C:/devkitPro/libogc/lib/wii\libbte.a(l2cap.o)
                0x0000000080061a84                l2cap_signal
 .text.l2ca_config_req.part.0
                0x0000000080061c94      0x120 C:/devkitPro/libogc/lib/wii\libbte.a(l2cap.o)
 .text.l2ca_disconnect_req
                0x0000000080061db4       0xc4 C:/devkitPro/libogc/lib/wii\libbte.a(l2cap.o)
                0x0000000080061db4                l2ca_disconnect_req
 .text.l2cap_tmr
                0x0000000080061e78      0x280 C:/devkitPro/libogc/lib/wii\libbte.a(l2cap.o)